Archive member included to satisfy reference by file (symbol)

c:/program files (x86)/atmel/studio/7.0/toolchain/avr8/avr8-gnu-toolchain/bin/../lib/gcc/avr/5.4.0/../../../../avr/lib/avr6\libm.a(addsf3.o)
                              Temperatur/Temp_auto/Temp_beregner/Temp_beregner.o (__subsf3)
c:/program files (x86)/atmel/studio/7.0/toolchain/avr8/avr8-gnu-toolchain/bin/../lib/gcc/avr/5.4.0/../../../../avr/lib/avr6\libm.a(addsf3x.o)
                              c:/program files (x86)/atmel/studio/7.0/toolchain/avr8/avr8-gnu-toolchain/bin/../lib/gcc/avr/5.4.0/../../../../avr/lib/avr6\libm.a(addsf3.o) (__addsf3x)
c:/program files (x86)/atmel/studio/7.0/toolchain/avr8/avr8-gnu-toolchain/bin/../lib/gcc/avr/5.4.0/../../../../avr/lib/avr6\libm.a(cmpsf2.o)
                              Afstand/Afstand_display/Afstand_display.o (__ltsf2)
c:/program files (x86)/atmel/studio/7.0/toolchain/avr8/avr8-gnu-toolchain/bin/../lib/gcc/avr/5.4.0/../../../../avr/lib/avr6\libm.a(divsf3.o)
                              Temperatur/Temp_auto/Temp_beregner/Temp_beregner.o (__divsf3)
c:/program files (x86)/atmel/studio/7.0/toolchain/avr8/avr8-gnu-toolchain/bin/../lib/gcc/avr/5.4.0/../../../../avr/lib/avr6\libm.a(divsf3x.o)
                              c:/program files (x86)/atmel/studio/7.0/toolchain/avr8/avr8-gnu-toolchain/bin/../lib/gcc/avr/5.4.0/../../../../avr/lib/avr6\libm.a(divsf3.o) (__divsf3x)
c:/program files (x86)/atmel/studio/7.0/toolchain/avr8/avr8-gnu-toolchain/bin/../lib/gcc/avr/5.4.0/../../../../avr/lib/avr6\libm.a(floatsisf.o)
                              Temperatur/Temp_auto/Temp_beregner/Temp_beregner.o (__floatunsisf)
c:/program files (x86)/atmel/studio/7.0/toolchain/avr8/avr8-gnu-toolchain/bin/../lib/gcc/avr/5.4.0/../../../../avr/lib/avr6\libm.a(fp_cmp.o)
                              c:/program files (x86)/atmel/studio/7.0/toolchain/avr8/avr8-gnu-toolchain/bin/../lib/gcc/avr/5.4.0/../../../../avr/lib/avr6\libm.a(cmpsf2.o) (__fp_cmp)
c:/program files (x86)/atmel/studio/7.0/toolchain/avr8/avr8-gnu-toolchain/bin/../lib/gcc/avr/5.4.0/../../../../avr/lib/avr6\libm.a(fp_inf.o)
                              c:/program files (x86)/atmel/studio/7.0/toolchain/avr8/avr8-gnu-toolchain/bin/../lib/gcc/avr/5.4.0/../../../../avr/lib/avr6\libm.a(addsf3x.o) (__fp_inf)
c:/program files (x86)/atmel/studio/7.0/toolchain/avr8/avr8-gnu-toolchain/bin/../lib/gcc/avr/5.4.0/../../../../avr/lib/avr6\libm.a(fp_nan.o)
                              c:/program files (x86)/atmel/studio/7.0/toolchain/avr8/avr8-gnu-toolchain/bin/../lib/gcc/avr/5.4.0/../../../../avr/lib/avr6\libm.a(addsf3x.o) (__fp_nan)
c:/program files (x86)/atmel/studio/7.0/toolchain/avr8/avr8-gnu-toolchain/bin/../lib/gcc/avr/5.4.0/../../../../avr/lib/avr6\libm.a(fp_pscA.o)
                              c:/program files (x86)/atmel/studio/7.0/toolchain/avr8/avr8-gnu-toolchain/bin/../lib/gcc/avr/5.4.0/../../../../avr/lib/avr6\libm.a(addsf3x.o) (__fp_pscA)
c:/program files (x86)/atmel/studio/7.0/toolchain/avr8/avr8-gnu-toolchain/bin/../lib/gcc/avr/5.4.0/../../../../avr/lib/avr6\libm.a(fp_pscB.o)
                              c:/program files (x86)/atmel/studio/7.0/toolchain/avr8/avr8-gnu-toolchain/bin/../lib/gcc/avr/5.4.0/../../../../avr/lib/avr6\libm.a(addsf3x.o) (__fp_pscB)
c:/program files (x86)/atmel/studio/7.0/toolchain/avr8/avr8-gnu-toolchain/bin/../lib/gcc/avr/5.4.0/../../../../avr/lib/avr6\libm.a(fp_round.o)
                              c:/program files (x86)/atmel/studio/7.0/toolchain/avr8/avr8-gnu-toolchain/bin/../lib/gcc/avr/5.4.0/../../../../avr/lib/avr6\libm.a(addsf3.o) (__fp_round)
c:/program files (x86)/atmel/studio/7.0/toolchain/avr8/avr8-gnu-toolchain/bin/../lib/gcc/avr/5.4.0/../../../../avr/lib/avr6\libm.a(fp_split3.o)
                              c:/program files (x86)/atmel/studio/7.0/toolchain/avr8/avr8-gnu-toolchain/bin/../lib/gcc/avr/5.4.0/../../../../avr/lib/avr6\libm.a(addsf3x.o) (__fp_split3)
c:/program files (x86)/atmel/studio/7.0/toolchain/avr8/avr8-gnu-toolchain/bin/../lib/gcc/avr/5.4.0/../../../../avr/lib/avr6\libm.a(fp_zero.o)
                              c:/program files (x86)/atmel/studio/7.0/toolchain/avr8/avr8-gnu-toolchain/bin/../lib/gcc/avr/5.4.0/../../../../avr/lib/avr6\libm.a(addsf3x.o) (__fp_zero)
c:/program files (x86)/atmel/studio/7.0/toolchain/avr8/avr8-gnu-toolchain/bin/../lib/gcc/avr/5.4.0/../../../../avr/lib/avr6\libm.a(gesf2.o)
                              Temperatur/Temp_auto/Temp_beregner/Temp_beregner.o (__gtsf2)
c:/program files (x86)/atmel/studio/7.0/toolchain/avr8/avr8-gnu-toolchain/bin/../lib/gcc/avr/5.4.0/../../../../avr/lib/avr6\libm.a(log.o)
                              Temperatur/Temp_auto/Temp_beregner/Temp_beregner.o (log)
c:/program files (x86)/atmel/studio/7.0/toolchain/avr8/avr8-gnu-toolchain/bin/../lib/gcc/avr/5.4.0/../../../../avr/lib/avr6\libm.a(mulsf3.o)
                              Temperatur/Temp_auto/Temp_beregner/Temp_beregner.o (__mulsf3)
c:/program files (x86)/atmel/studio/7.0/toolchain/avr8/avr8-gnu-toolchain/bin/../lib/gcc/avr/5.4.0/../../../../avr/lib/avr6\libm.a(mulsf3x.o)
                              c:/program files (x86)/atmel/studio/7.0/toolchain/avr8/avr8-gnu-toolchain/bin/../lib/gcc/avr/5.4.0/../../../../avr/lib/avr6\libm.a(log.o) (__mulsf3x)
c:/program files (x86)/atmel/studio/7.0/toolchain/avr8/avr8-gnu-toolchain/bin/../lib/gcc/avr/5.4.0/../../../../avr/lib/avr6\libm.a(fp_mpack.o)
                              c:/program files (x86)/atmel/studio/7.0/toolchain/avr8/avr8-gnu-toolchain/bin/../lib/gcc/avr/5.4.0/../../../../avr/lib/avr6\libm.a(log.o) (__fp_mpack)
c:/program files (x86)/atmel/studio/7.0/toolchain/avr8/avr8-gnu-toolchain/bin/../lib/gcc/avr/5.4.0/../../../../avr/lib/avr6\libm.a(fp_powser.o)
                              c:/program files (x86)/atmel/studio/7.0/toolchain/avr8/avr8-gnu-toolchain/bin/../lib/gcc/avr/5.4.0/../../../../avr/lib/avr6\libm.a(log.o) (__fp_powser)
c:\users\kenne\Documents\Atmel Studio\7.0\DIH_Projekt\DIH_Library\Debug\libDIH_Library.a(ColumnScan.o)
                              Afstand/Afstand.o (ColumnScan)
c:\users\kenne\Documents\Atmel Studio\7.0\DIH_Projekt\DIH_Library\Debug\libDIH_Library.a(ReadRow.o)
                              Afstand/Afstand.o (ReadRow)
c:\users\kenne\Documents\Atmel Studio\7.0\DIH_Projekt\DIH_Library\Debug\libDIH_Library.a(lcd.o)
                              Afstand/Afstand_display/Afstand_display.o (lcd_gotoxy)
c:\users\kenne\Documents\Atmel Studio\7.0\DIH_Projekt\DIH_Library\Debug\libDIH_Library.a(Pre_display.o)
                              Menu/Menu_choices/Menu_choices.o (Pre_display)
c:/program files (x86)/atmel/studio/7.0/toolchain/avr8/avr8-gnu-toolchain/bin/../lib/gcc/avr/5.4.0/../../../../avr/lib/avr6\libprintf_flt.a(vfprintf_flt.o)
                              (vfprintf)
c:/program files (x86)/atmel/studio/7.0/toolchain/avr8/avr8-gnu-toolchain/bin/../lib/gcc/avr/5.4.0/../../../../avr/lib/avr6\libscanf_flt.a(vfscanf_flt.o)
                              (vfscanf)
c:/program files (x86)/atmel/studio/7.0/toolchain/avr8/avr8-gnu-toolchain/bin/../lib/gcc/avr/5.4.0/avr6\libgcc.a(_exit.o)
                              C:/Program Files (x86)/Atmel/Studio/7.0/Packs/atmel/ATmega_DFP/1.2.209/gcc/dev/atmega2560/avr6/crtatmega2560.o (exit)
c:/program files (x86)/atmel/studio/7.0/toolchain/avr8/avr8-gnu-toolchain/bin/../lib/gcc/avr/5.4.0/avr6\libgcc.a(_tablejump2.o)
                              Temperatur/Temp_user/Temp_user_decoder/Temp_user_decoder.o (__tablejump2__)
c:/program files (x86)/atmel/studio/7.0/toolchain/avr8/avr8-gnu-toolchain/bin/../lib/gcc/avr/5.4.0/avr6\libgcc.a(_copy_data.o)
                              Afstand/Afstand.o (__do_copy_data)
c:/program files (x86)/atmel/studio/7.0/toolchain/avr8/avr8-gnu-toolchain/bin/../lib/gcc/avr/5.4.0/avr6\libgcc.a(_clear_bss.o)
                              Afstand/Afstand.o (__do_clear_bss)
c:/program files (x86)/atmel/studio/7.0/toolchain/avr8/avr8-gnu-toolchain/bin/../lib/gcc/avr/5.4.0/../../../../avr/lib/avr6\libc.a(ftoa_engine.o)
                              c:/program files (x86)/atmel/studio/7.0/toolchain/avr8/avr8-gnu-toolchain/bin/../lib/gcc/avr/5.4.0/../../../../avr/lib/avr6\libprintf_flt.a(vfprintf_flt.o) (__ftoa_engine)
c:/program files (x86)/atmel/studio/7.0/toolchain/avr8/avr8-gnu-toolchain/bin/../lib/gcc/avr/5.4.0/../../../../avr/lib/avr6\libc.a(isspace.o)
                              c:/program files (x86)/atmel/studio/7.0/toolchain/avr8/avr8-gnu-toolchain/bin/../lib/gcc/avr/5.4.0/../../../../avr/lib/avr6\libscanf_flt.a(vfscanf_flt.o) (isspace)
c:/program files (x86)/atmel/studio/7.0/toolchain/avr8/avr8-gnu-toolchain/bin/../lib/gcc/avr/5.4.0/../../../../avr/lib/avr6\libc.a(tolower.o)
                              c:/program files (x86)/atmel/studio/7.0/toolchain/avr8/avr8-gnu-toolchain/bin/../lib/gcc/avr/5.4.0/../../../../avr/lib/avr6\libscanf_flt.a(vfscanf_flt.o) (tolower)
c:/program files (x86)/atmel/studio/7.0/toolchain/avr8/avr8-gnu-toolchain/bin/../lib/gcc/avr/5.4.0/../../../../avr/lib/avr6\libc.a(strchr_P.o)
                              c:/program files (x86)/atmel/studio/7.0/toolchain/avr8/avr8-gnu-toolchain/bin/../lib/gcc/avr/5.4.0/../../../../avr/lib/avr6\libscanf_flt.a(vfscanf_flt.o) (strchr_P)
c:/program files (x86)/atmel/studio/7.0/toolchain/avr8/avr8-gnu-toolchain/bin/../lib/gcc/avr/5.4.0/../../../../avr/lib/avr6\libc.a(strnlen_P.o)
                              c:/program files (x86)/atmel/studio/7.0/toolchain/avr8/avr8-gnu-toolchain/bin/../lib/gcc/avr/5.4.0/../../../../avr/lib/avr6\libprintf_flt.a(vfprintf_flt.o) (strnlen_P)
c:/program files (x86)/atmel/studio/7.0/toolchain/avr8/avr8-gnu-toolchain/bin/../lib/gcc/avr/5.4.0/../../../../avr/lib/avr6\libc.a(strnlen.o)
                              c:/program files (x86)/atmel/studio/7.0/toolchain/avr8/avr8-gnu-toolchain/bin/../lib/gcc/avr/5.4.0/../../../../avr/lib/avr6\libprintf_flt.a(vfprintf_flt.o) (strnlen)
c:/program files (x86)/atmel/studio/7.0/toolchain/avr8/avr8-gnu-toolchain/bin/../lib/gcc/avr/5.4.0/../../../../avr/lib/avr6\libc.a(fgetc.o)
                              c:/program files (x86)/atmel/studio/7.0/toolchain/avr8/avr8-gnu-toolchain/bin/../lib/gcc/avr/5.4.0/../../../../avr/lib/avr6\libscanf_flt.a(vfscanf_flt.o) (fgetc)
c:/program files (x86)/atmel/studio/7.0/toolchain/avr8/avr8-gnu-toolchain/bin/../lib/gcc/avr/5.4.0/../../../../avr/lib/avr6\libc.a(fputc.o)
                              c:/program files (x86)/atmel/studio/7.0/toolchain/avr8/avr8-gnu-toolchain/bin/../lib/gcc/avr/5.4.0/../../../../avr/lib/avr6\libprintf_flt.a(vfprintf_flt.o) (fputc)
c:/program files (x86)/atmel/studio/7.0/toolchain/avr8/avr8-gnu-toolchain/bin/../lib/gcc/avr/5.4.0/../../../../avr/lib/avr6\libc.a(iob.o)
                              setup/stdio_setup.o (__iob)
c:/program files (x86)/atmel/studio/7.0/toolchain/avr8/avr8-gnu-toolchain/bin/../lib/gcc/avr/5.4.0/../../../../avr/lib/avr6\libc.a(sprintf.o)
                              Afstand/Afstand_display/Afstand_display.o (sprintf)
c:/program files (x86)/atmel/studio/7.0/toolchain/avr8/avr8-gnu-toolchain/bin/../lib/gcc/avr/5.4.0/../../../../avr/lib/avr6\libc.a(ungetc.o)
                              c:/program files (x86)/atmel/studio/7.0/toolchain/avr8/avr8-gnu-toolchain/bin/../lib/gcc/avr/5.4.0/../../../../avr/lib/avr6\libscanf_flt.a(vfscanf_flt.o) (ungetc)
c:/program files (x86)/atmel/studio/7.0/toolchain/avr8/avr8-gnu-toolchain/bin/../lib/gcc/avr/5.4.0/../../../../avr/lib/avr6\libc.a(ultoa_invert.o)
                              c:/program files (x86)/atmel/studio/7.0/toolchain/avr8/avr8-gnu-toolchain/bin/../lib/gcc/avr/5.4.0/../../../../avr/lib/avr6\libprintf_flt.a(vfprintf_flt.o) (__ultoa_invert)
c:/program files (x86)/atmel/studio/7.0/toolchain/avr8/avr8-gnu-toolchain/bin/../lib/gcc/avr/5.4.0/../../../../avr/lib/avr6\libc.a(cty_isfalse.o)
                              c:/program files (x86)/atmel/studio/7.0/toolchain/avr8/avr8-gnu-toolchain/bin/../lib/gcc/avr/5.4.0/../../../../avr/lib/avr6\libc.a(isspace.o) (__ctype_isfalse)

Allocating common symbols
Common symbol       size              file

user_row            0x2               Temperatur/Temp_user/Temp_user.o
reset_char          0x1               c:\users\kenne\Documents\Atmel Studio\7.0\DIH_Projekt\DIH_Library\Debug\libDIH_Library.a(ColumnScan.o)
temp_row            0x2               Temperatur/Temp_auto/Temp_auto.o
pulseEnd            0x2               Afstand/Afstand_beregner/Afstand_beregner.o
pulseStart          0x2               Afstand/Afstand_beregner/Afstand_beregner.o
afstand_row         0x2               Afstand/Afstand.o
__iob               0x6               c:/program files (x86)/atmel/studio/7.0/toolchain/avr8/avr8-gnu-toolchain/bin/../lib/gcc/avr/5.4.0/../../../../avr/lib/avr6\libc.a(iob.o)

Discarded input sections

 .data          0x00000000        0x0 C:/Program Files (x86)/Atmel/Studio/7.0/Packs/atmel/ATmega_DFP/1.2.209/gcc/dev/atmega2560/avr6/crtatmega2560.o
 .bss           0x00000000        0x0 C:/Program Files (x86)/Atmel/Studio/7.0/Packs/atmel/ATmega_DFP/1.2.209/gcc/dev/atmega2560/avr6/crtatmega2560.o
 .text          0x00000000        0x0 Afstand/Afstand.o
 .data          0x00000000        0x0 Afstand/Afstand.o
 .bss           0x00000000        0x0 Afstand/Afstand.o
 .text          0x00000000        0x0 Afstand/Afstand_beregner/Afstand_beregner.o
 .data          0x00000000        0x0 Afstand/Afstand_beregner/Afstand_beregner.o
 .bss           0x00000000        0x0 Afstand/Afstand_beregner/Afstand_beregner.o
 .bss.failure   0x00000000        0x2 Afstand/Afstand_beregner/Afstand_beregner.o
 .bss.success   0x00000000        0x2 Afstand/Afstand_beregner/Afstand_beregner.o
 .bss.edge      0x00000000        0x1 Afstand/Afstand_beregner/Afstand_beregner.o
 .data.pulseInUs
                0x00000000        0x2 Afstand/Afstand_beregner/Afstand_beregner.o
 COMMON         0x00000000        0x4 Afstand/Afstand_beregner/Afstand_beregner.o
 .text          0x00000000        0x0 Afstand/Afstand_display/Afstand_display.o
 .data          0x00000000        0x0 Afstand/Afstand_display/Afstand_display.o
 .bss           0x00000000        0x0 Afstand/Afstand_display/Afstand_display.o
 .rodata.str1.1
                0x00000000       0x10 Afstand/Afstand_display/Afstand_display.o
 .text.Afstand_display
                0x00000000       0x96 Afstand/Afstand_display/Afstand_display.o
 .debug_info    0x00000000      0x1a6 Afstand/Afstand_display/Afstand_display.o
 .debug_abbrev  0x00000000      0x105 Afstand/Afstand_display/Afstand_display.o
 .debug_loc     0x00000000       0xaa Afstand/Afstand_display/Afstand_display.o
 .debug_aranges
                0x00000000       0x20 Afstand/Afstand_display/Afstand_display.o
 .debug_ranges  0x00000000       0x10 Afstand/Afstand_display/Afstand_display.o
 .debug_line    0x00000000       0xb7 Afstand/Afstand_display/Afstand_display.o
 .debug_str     0x00000000      0x1ea Afstand/Afstand_display/Afstand_display.o
 .comment       0x00000000       0x31 Afstand/Afstand_display/Afstand_display.o
 .debug_frame   0x00000000       0x48 Afstand/Afstand_display/Afstand_display.o
 .text          0x00000000        0x0 Afstand/Pulse/Pulse.o
 .data          0x00000000        0x0 Afstand/Pulse/Pulse.o
 .bss           0x00000000        0x0 Afstand/Pulse/Pulse.o
 .text          0x00000000        0x0 Init/Init.o
 .data          0x00000000        0x0 Init/Init.o
 .bss           0x00000000        0x0 Init/Init.o
 .text          0x00000000        0x0 main.o
 .data          0x00000000        0x0 main.o
 .bss           0x00000000        0x0 main.o
 .text          0x00000000        0x0 Menu/Menu.o
 .data          0x00000000        0x0 Menu/Menu.o
 .bss           0x00000000        0x0 Menu/Menu.o
 .text          0x00000000        0x0 Menu/Menu_choices/Menu_choices.o
 .data          0x00000000        0x0 Menu/Menu_choices/Menu_choices.o
 .bss           0x00000000        0x0 Menu/Menu_choices/Menu_choices.o
 .text          0x00000000        0x0 Menu/Menu_decoder/Menu_decoder.o
 .data          0x00000000        0x0 Menu/Menu_decoder/Menu_decoder.o
 .bss           0x00000000        0x0 Menu/Menu_decoder/Menu_decoder.o
 .text          0x00000000        0x0 setup/stdio_setup.o
 .data          0x00000000        0x0 setup/stdio_setup.o
 .bss           0x00000000        0x0 setup/stdio_setup.o
 .text.UartPutchar
                0x00000000       0x10 setup/stdio_setup.o
 .text.UartGetchar
                0x00000000       0x28 setup/stdio_setup.o
 .text.UartInit
                0x00000000       0x28 setup/stdio_setup.o
 .data.the_stdio
                0x00000000        0xe setup/stdio_setup.o
 .debug_info    0x00000000      0x1e7 setup/stdio_setup.o
 .debug_abbrev  0x00000000      0x164 setup/stdio_setup.o
 .debug_loc     0x00000000       0x35 setup/stdio_setup.o
 .debug_aranges
                0x00000000       0x30 setup/stdio_setup.o
 .debug_ranges  0x00000000       0x20 setup/stdio_setup.o
 .debug_line    0x00000000      0x143 setup/stdio_setup.o
 .debug_str     0x00000000      0x1df setup/stdio_setup.o
 .comment       0x00000000       0x31 setup/stdio_setup.o
 .debug_frame   0x00000000       0x4c setup/stdio_setup.o
 .text          0x00000000        0x0 Temperatur/Temp_auto/Temp_auto.o
 .data          0x00000000        0x0 Temperatur/Temp_auto/Temp_auto.o
 .bss           0x00000000        0x0 Temperatur/Temp_auto/Temp_auto.o
 .text          0x00000000        0x0 Temperatur/Temp_auto/Temp_auto_display/Temp_auto_display.o
 .data          0x00000000        0x0 Temperatur/Temp_auto/Temp_auto_display/Temp_auto_display.o
 .bss           0x00000000        0x0 Temperatur/Temp_auto/Temp_auto_display/Temp_auto_display.o
 .text          0x00000000        0x0 Temperatur/Temp_auto/Temp_beregner/Temp_beregner.o
 .data          0x00000000        0x0 Temperatur/Temp_auto/Temp_beregner/Temp_beregner.o
 .bss           0x00000000        0x0 Temperatur/Temp_auto/Temp_beregner/Temp_beregner.o
 .text          0x00000000        0x0 Temperatur/Temp_choices/Temp_choices.o
 .data          0x00000000        0x0 Temperatur/Temp_choices/Temp_choices.o
 .bss           0x00000000        0x0 Temperatur/Temp_choices/Temp_choices.o
 .text          0x00000000        0x0 Temperatur/Temp_decoder/Temp_decoder.o
 .data          0x00000000        0x0 Temperatur/Temp_decoder/Temp_decoder.o
 .bss           0x00000000        0x0 Temperatur/Temp_decoder/Temp_decoder.o
 .text          0x00000000        0x0 Temperatur/Temp_menu.o
 .data          0x00000000        0x0 Temperatur/Temp_menu.o
 .bss           0x00000000        0x0 Temperatur/Temp_menu.o
 .text          0x00000000        0x0 Temperatur/Temp_user/Temp_user.o
 .data          0x00000000        0x0 Temperatur/Temp_user/Temp_user.o
 .bss           0x00000000        0x0 Temperatur/Temp_user/Temp_user.o
 .text          0x00000000        0x0 Temperatur/Temp_user/Temp_user_decoder/Temp_user_decoder.o
 .data          0x00000000        0x0 Temperatur/Temp_user/Temp_user_decoder/Temp_user_decoder.o
 .bss           0x00000000        0x0 Temperatur/Temp_user/Temp_user_decoder/Temp_user_decoder.o
 .text          0x00000000        0x0 Temperatur/Temp_user/Temp_user_display/Temp_user_display.o
 .data          0x00000000        0x0 Temperatur/Temp_user/Temp_user_display/Temp_user_display.o
 .bss           0x00000000        0x0 Temperatur/Temp_user/Temp_user_display/Temp_user_display.o
 .text          0x00000000        0x0 c:/program files (x86)/atmel/studio/7.0/toolchain/avr8/avr8-gnu-toolchain/bin/../lib/gcc/avr/5.4.0/../../../../avr/lib/avr6\libm.a(addsf3.o)
 .data          0x00000000        0x0 c:/program files (x86)/atmel/studio/7.0/toolchain/avr8/avr8-gnu-toolchain/bin/../lib/gcc/avr/5.4.0/../../../../avr/lib/avr6\libm.a(addsf3.o)
 .bss           0x00000000        0x0 c:/program files (x86)/atmel/studio/7.0/toolchain/avr8/avr8-gnu-toolchain/bin/../lib/gcc/avr/5.4.0/../../../../avr/lib/avr6\libm.a(addsf3.o)
 .text          0x00000000        0x0 c:/program files (x86)/atmel/studio/7.0/toolchain/avr8/avr8-gnu-toolchain/bin/../lib/gcc/avr/5.4.0/../../../../avr/lib/avr6\libm.a(addsf3x.o)
 .data          0x00000000        0x0 c:/program files (x86)/atmel/studio/7.0/toolchain/avr8/avr8-gnu-toolchain/bin/../lib/gcc/avr/5.4.0/../../../../avr/lib/avr6\libm.a(addsf3x.o)
 .bss           0x00000000        0x0 c:/program files (x86)/atmel/studio/7.0/toolchain/avr8/avr8-gnu-toolchain/bin/../lib/gcc/avr/5.4.0/../../../../avr/lib/avr6\libm.a(addsf3x.o)
 .text          0x00000000        0x0 c:/program files (x86)/atmel/studio/7.0/toolchain/avr8/avr8-gnu-toolchain/bin/../lib/gcc/avr/5.4.0/../../../../avr/lib/avr6\libm.a(cmpsf2.o)
 .data          0x00000000        0x0 c:/program files (x86)/atmel/studio/7.0/toolchain/avr8/avr8-gnu-toolchain/bin/../lib/gcc/avr/5.4.0/../../../../avr/lib/avr6\libm.a(cmpsf2.o)
 .bss           0x00000000        0x0 c:/program files (x86)/atmel/studio/7.0/toolchain/avr8/avr8-gnu-toolchain/bin/../lib/gcc/avr/5.4.0/../../../../avr/lib/avr6\libm.a(cmpsf2.o)
 .text          0x00000000        0x0 c:/program files (x86)/atmel/studio/7.0/toolchain/avr8/avr8-gnu-toolchain/bin/../lib/gcc/avr/5.4.0/../../../../avr/lib/avr6\libm.a(divsf3.o)
 .data          0x00000000        0x0 c:/program files (x86)/atmel/studio/7.0/toolchain/avr8/avr8-gnu-toolchain/bin/../lib/gcc/avr/5.4.0/../../../../avr/lib/avr6\libm.a(divsf3.o)
 .bss           0x00000000        0x0 c:/program files (x86)/atmel/studio/7.0/toolchain/avr8/avr8-gnu-toolchain/bin/../lib/gcc/avr/5.4.0/../../../../avr/lib/avr6\libm.a(divsf3.o)
 .text          0x00000000        0x0 c:/program files (x86)/atmel/studio/7.0/toolchain/avr8/avr8-gnu-toolchain/bin/../lib/gcc/avr/5.4.0/../../../../avr/lib/avr6\libm.a(divsf3x.o)
 .data          0x00000000        0x0 c:/program files (x86)/atmel/studio/7.0/toolchain/avr8/avr8-gnu-toolchain/bin/../lib/gcc/avr/5.4.0/../../../../avr/lib/avr6\libm.a(divsf3x.o)
 .bss           0x00000000        0x0 c:/program files (x86)/atmel/studio/7.0/toolchain/avr8/avr8-gnu-toolchain/bin/../lib/gcc/avr/5.4.0/../../../../avr/lib/avr6\libm.a(divsf3x.o)
 .text          0x00000000        0x0 c:/program files (x86)/atmel/studio/7.0/toolchain/avr8/avr8-gnu-toolchain/bin/../lib/gcc/avr/5.4.0/../../../../avr/lib/avr6\libm.a(floatsisf.o)
 .data          0x00000000        0x0 c:/program files (x86)/atmel/studio/7.0/toolchain/avr8/avr8-gnu-toolchain/bin/../lib/gcc/avr/5.4.0/../../../../avr/lib/avr6\libm.a(floatsisf.o)
 .bss           0x00000000        0x0 c:/program files (x86)/atmel/studio/7.0/toolchain/avr8/avr8-gnu-toolchain/bin/../lib/gcc/avr/5.4.0/../../../../avr/lib/avr6\libm.a(floatsisf.o)
 .text          0x00000000        0x0 c:/program files (x86)/atmel/studio/7.0/toolchain/avr8/avr8-gnu-toolchain/bin/../lib/gcc/avr/5.4.0/../../../../avr/lib/avr6\libm.a(fp_cmp.o)
 .data          0x00000000        0x0 c:/program files (x86)/atmel/studio/7.0/toolchain/avr8/avr8-gnu-toolchain/bin/../lib/gcc/avr/5.4.0/../../../../avr/lib/avr6\libm.a(fp_cmp.o)
 .bss           0x00000000        0x0 c:/program files (x86)/atmel/studio/7.0/toolchain/avr8/avr8-gnu-toolchain/bin/../lib/gcc/avr/5.4.0/../../../../avr/lib/avr6\libm.a(fp_cmp.o)
 .text          0x00000000        0x0 c:/program files (x86)/atmel/studio/7.0/toolchain/avr8/avr8-gnu-toolchain/bin/../lib/gcc/avr/5.4.0/../../../../avr/lib/avr6\libm.a(fp_inf.o)
 .data          0x00000000        0x0 c:/program files (x86)/atmel/studio/7.0/toolchain/avr8/avr8-gnu-toolchain/bin/../lib/gcc/avr/5.4.0/../../../../avr/lib/avr6\libm.a(fp_inf.o)
 .bss           0x00000000        0x0 c:/program files (x86)/atmel/studio/7.0/toolchain/avr8/avr8-gnu-toolchain/bin/../lib/gcc/avr/5.4.0/../../../../avr/lib/avr6\libm.a(fp_inf.o)
 .text          0x00000000        0x0 c:/program files (x86)/atmel/studio/7.0/toolchain/avr8/avr8-gnu-toolchain/bin/../lib/gcc/avr/5.4.0/../../../../avr/lib/avr6\libm.a(fp_nan.o)
 .data          0x00000000        0x0 c:/program files (x86)/atmel/studio/7.0/toolchain/avr8/avr8-gnu-toolchain/bin/../lib/gcc/avr/5.4.0/../../../../avr/lib/avr6\libm.a(fp_nan.o)
 .bss           0x00000000        0x0 c:/program files (x86)/atmel/studio/7.0/toolchain/avr8/avr8-gnu-toolchain/bin/../lib/gcc/avr/5.4.0/../../../../avr/lib/avr6\libm.a(fp_nan.o)
 .text          0x00000000        0x0 c:/program files (x86)/atmel/studio/7.0/toolchain/avr8/avr8-gnu-toolchain/bin/../lib/gcc/avr/5.4.0/../../../../avr/lib/avr6\libm.a(fp_pscA.o)
 .data          0x00000000        0x0 c:/program files (x86)/atmel/studio/7.0/toolchain/avr8/avr8-gnu-toolchain/bin/../lib/gcc/avr/5.4.0/../../../../avr/lib/avr6\libm.a(fp_pscA.o)
 .bss           0x00000000        0x0 c:/program files (x86)/atmel/studio/7.0/toolchain/avr8/avr8-gnu-toolchain/bin/../lib/gcc/avr/5.4.0/../../../../avr/lib/avr6\libm.a(fp_pscA.o)
 .text          0x00000000        0x0 c:/program files (x86)/atmel/studio/7.0/toolchain/avr8/avr8-gnu-toolchain/bin/../lib/gcc/avr/5.4.0/../../../../avr/lib/avr6\libm.a(fp_pscB.o)
 .data          0x00000000        0x0 c:/program files (x86)/atmel/studio/7.0/toolchain/avr8/avr8-gnu-toolchain/bin/../lib/gcc/avr/5.4.0/../../../../avr/lib/avr6\libm.a(fp_pscB.o)
 .bss           0x00000000        0x0 c:/program files (x86)/atmel/studio/7.0/toolchain/avr8/avr8-gnu-toolchain/bin/../lib/gcc/avr/5.4.0/../../../../avr/lib/avr6\libm.a(fp_pscB.o)
 .text          0x00000000        0x0 c:/program files (x86)/atmel/studio/7.0/toolchain/avr8/avr8-gnu-toolchain/bin/../lib/gcc/avr/5.4.0/../../../../avr/lib/avr6\libm.a(fp_round.o)
 .data          0x00000000        0x0 c:/program files (x86)/atmel/studio/7.0/toolchain/avr8/avr8-gnu-toolchain/bin/../lib/gcc/avr/5.4.0/../../../../avr/lib/avr6\libm.a(fp_round.o)
 .bss           0x00000000        0x0 c:/program files (x86)/atmel/studio/7.0/toolchain/avr8/avr8-gnu-toolchain/bin/../lib/gcc/avr/5.4.0/../../../../avr/lib/avr6\libm.a(fp_round.o)
 .text          0x00000000        0x0 c:/program files (x86)/atmel/studio/7.0/toolchain/avr8/avr8-gnu-toolchain/bin/../lib/gcc/avr/5.4.0/../../../../avr/lib/avr6\libm.a(fp_split3.o)
 .data          0x00000000        0x0 c:/program files (x86)/atmel/studio/7.0/toolchain/avr8/avr8-gnu-toolchain/bin/../lib/gcc/avr/5.4.0/../../../../avr/lib/avr6\libm.a(fp_split3.o)
 .bss           0x00000000        0x0 c:/program files (x86)/atmel/studio/7.0/toolchain/avr8/avr8-gnu-toolchain/bin/../lib/gcc/avr/5.4.0/../../../../avr/lib/avr6\libm.a(fp_split3.o)
 .text          0x00000000        0x0 c:/program files (x86)/atmel/studio/7.0/toolchain/avr8/avr8-gnu-toolchain/bin/../lib/gcc/avr/5.4.0/../../../../avr/lib/avr6\libm.a(fp_zero.o)
 .data          0x00000000        0x0 c:/program files (x86)/atmel/studio/7.0/toolchain/avr8/avr8-gnu-toolchain/bin/../lib/gcc/avr/5.4.0/../../../../avr/lib/avr6\libm.a(fp_zero.o)
 .bss           0x00000000        0x0 c:/program files (x86)/atmel/studio/7.0/toolchain/avr8/avr8-gnu-toolchain/bin/../lib/gcc/avr/5.4.0/../../../../avr/lib/avr6\libm.a(fp_zero.o)
 .text          0x00000000        0x0 c:/program files (x86)/atmel/studio/7.0/toolchain/avr8/avr8-gnu-toolchain/bin/../lib/gcc/avr/5.4.0/../../../../avr/lib/avr6\libm.a(gesf2.o)
 .data          0x00000000        0x0 c:/program files (x86)/atmel/studio/7.0/toolchain/avr8/avr8-gnu-toolchain/bin/../lib/gcc/avr/5.4.0/../../../../avr/lib/avr6\libm.a(gesf2.o)
 .bss           0x00000000        0x0 c:/program files (x86)/atmel/studio/7.0/toolchain/avr8/avr8-gnu-toolchain/bin/../lib/gcc/avr/5.4.0/../../../../avr/lib/avr6\libm.a(gesf2.o)
 .text          0x00000000        0x0 c:/program files (x86)/atmel/studio/7.0/toolchain/avr8/avr8-gnu-toolchain/bin/../lib/gcc/avr/5.4.0/../../../../avr/lib/avr6\libm.a(log.o)
 .data          0x00000000        0x0 c:/program files (x86)/atmel/studio/7.0/toolchain/avr8/avr8-gnu-toolchain/bin/../lib/gcc/avr/5.4.0/../../../../avr/lib/avr6\libm.a(log.o)
 .bss           0x00000000        0x0 c:/program files (x86)/atmel/studio/7.0/toolchain/avr8/avr8-gnu-toolchain/bin/../lib/gcc/avr/5.4.0/../../../../avr/lib/avr6\libm.a(log.o)
 .text          0x00000000        0x0 c:/program files (x86)/atmel/studio/7.0/toolchain/avr8/avr8-gnu-toolchain/bin/../lib/gcc/avr/5.4.0/../../../../avr/lib/avr6\libm.a(mulsf3.o)
 .data          0x00000000        0x0 c:/program files (x86)/atmel/studio/7.0/toolchain/avr8/avr8-gnu-toolchain/bin/../lib/gcc/avr/5.4.0/../../../../avr/lib/avr6\libm.a(mulsf3.o)
 .bss           0x00000000        0x0 c:/program files (x86)/atmel/studio/7.0/toolchain/avr8/avr8-gnu-toolchain/bin/../lib/gcc/avr/5.4.0/../../../../avr/lib/avr6\libm.a(mulsf3.o)
 .text          0x00000000        0x0 c:/program files (x86)/atmel/studio/7.0/toolchain/avr8/avr8-gnu-toolchain/bin/../lib/gcc/avr/5.4.0/../../../../avr/lib/avr6\libm.a(mulsf3x.o)
 .data          0x00000000        0x0 c:/program files (x86)/atmel/studio/7.0/toolchain/avr8/avr8-gnu-toolchain/bin/../lib/gcc/avr/5.4.0/../../../../avr/lib/avr6\libm.a(mulsf3x.o)
 .bss           0x00000000        0x0 c:/program files (x86)/atmel/studio/7.0/toolchain/avr8/avr8-gnu-toolchain/bin/../lib/gcc/avr/5.4.0/../../../../avr/lib/avr6\libm.a(mulsf3x.o)
 .text          0x00000000        0x0 c:/program files (x86)/atmel/studio/7.0/toolchain/avr8/avr8-gnu-toolchain/bin/../lib/gcc/avr/5.4.0/../../../../avr/lib/avr6\libm.a(fp_mpack.o)
 .data          0x00000000        0x0 c:/program files (x86)/atmel/studio/7.0/toolchain/avr8/avr8-gnu-toolchain/bin/../lib/gcc/avr/5.4.0/../../../../avr/lib/avr6\libm.a(fp_mpack.o)
 .bss           0x00000000        0x0 c:/program files (x86)/atmel/studio/7.0/toolchain/avr8/avr8-gnu-toolchain/bin/../lib/gcc/avr/5.4.0/../../../../avr/lib/avr6\libm.a(fp_mpack.o)
 .text          0x00000000        0x0 c:/program files (x86)/atmel/studio/7.0/toolchain/avr8/avr8-gnu-toolchain/bin/../lib/gcc/avr/5.4.0/../../../../avr/lib/avr6\libm.a(fp_powser.o)
 .data          0x00000000        0x0 c:/program files (x86)/atmel/studio/7.0/toolchain/avr8/avr8-gnu-toolchain/bin/../lib/gcc/avr/5.4.0/../../../../avr/lib/avr6\libm.a(fp_powser.o)
 .bss           0x00000000        0x0 c:/program files (x86)/atmel/studio/7.0/toolchain/avr8/avr8-gnu-toolchain/bin/../lib/gcc/avr/5.4.0/../../../../avr/lib/avr6\libm.a(fp_powser.o)
 .text          0x00000000        0x0 c:\users\kenne\Documents\Atmel Studio\7.0\DIH_Projekt\DIH_Library\Debug\libDIH_Library.a(ColumnScan.o)
 .data          0x00000000        0x0 c:\users\kenne\Documents\Atmel Studio\7.0\DIH_Projekt\DIH_Library\Debug\libDIH_Library.a(ColumnScan.o)
 .bss           0x00000000        0x0 c:\users\kenne\Documents\Atmel Studio\7.0\DIH_Projekt\DIH_Library\Debug\libDIH_Library.a(ColumnScan.o)
 .text          0x00000000        0x0 c:\users\kenne\Documents\Atmel Studio\7.0\DIH_Projekt\DIH_Library\Debug\libDIH_Library.a(ReadRow.o)
 .data          0x00000000        0x0 c:\users\kenne\Documents\Atmel Studio\7.0\DIH_Projekt\DIH_Library\Debug\libDIH_Library.a(ReadRow.o)
 .bss           0x00000000        0x0 c:\users\kenne\Documents\Atmel Studio\7.0\DIH_Projekt\DIH_Library\Debug\libDIH_Library.a(ReadRow.o)
 .text          0x00000000        0x0 c:\users\kenne\Documents\Atmel Studio\7.0\DIH_Projekt\DIH_Library\Debug\libDIH_Library.a(lcd.o)
 .data          0x00000000        0x0 c:\users\kenne\Documents\Atmel Studio\7.0\DIH_Projekt\DIH_Library\Debug\libDIH_Library.a(lcd.o)
 .bss           0x00000000        0x0 c:\users\kenne\Documents\Atmel Studio\7.0\DIH_Projekt\DIH_Library\Debug\libDIH_Library.a(lcd.o)
 .text.lcd_data
                0x00000000       0x14 c:\users\kenne\Documents\Atmel Studio\7.0\DIH_Projekt\DIH_Library\Debug\libDIH_Library.a(lcd.o)
 .text.lcd_getxy
                0x00000000        0x8 c:\users\kenne\Documents\Atmel Studio\7.0\DIH_Projekt\DIH_Library\Debug\libDIH_Library.a(lcd.o)
 .text.lcd_home
                0x00000000        0x8 c:\users\kenne\Documents\Atmel Studio\7.0\DIH_Projekt\DIH_Library\Debug\libDIH_Library.a(lcd.o)
 .text.lcd_puts_p
                0x00000000       0x24 c:\users\kenne\Documents\Atmel Studio\7.0\DIH_Projekt\DIH_Library\Debug\libDIH_Library.a(lcd.o)
 .text          0x00000000        0x0 c:\users\kenne\Documents\Atmel Studio\7.0\DIH_Projekt\DIH_Library\Debug\libDIH_Library.a(Pre_display.o)
 .data          0x00000000        0x0 c:\users\kenne\Documents\Atmel Studio\7.0\DIH_Projekt\DIH_Library\Debug\libDIH_Library.a(Pre_display.o)
 .bss           0x00000000        0x0 c:\users\kenne\Documents\Atmel Studio\7.0\DIH_Projekt\DIH_Library\Debug\libDIH_Library.a(Pre_display.o)
 .text          0x00000000        0x0 c:/program files (x86)/atmel/studio/7.0/toolchain/avr8/avr8-gnu-toolchain/bin/../lib/gcc/avr/5.4.0/../../../../avr/lib/avr6\libprintf_flt.a(vfprintf_flt.o)
 .data          0x00000000        0x0 c:/program files (x86)/atmel/studio/7.0/toolchain/avr8/avr8-gnu-toolchain/bin/../lib/gcc/avr/5.4.0/../../../../avr/lib/avr6\libprintf_flt.a(vfprintf_flt.o)
 .bss           0x00000000        0x0 c:/program files (x86)/atmel/studio/7.0/toolchain/avr8/avr8-gnu-toolchain/bin/../lib/gcc/avr/5.4.0/../../../../avr/lib/avr6\libprintf_flt.a(vfprintf_flt.o)
 .text          0x00000000        0x0 c:/program files (x86)/atmel/studio/7.0/toolchain/avr8/avr8-gnu-toolchain/bin/../lib/gcc/avr/5.4.0/../../../../avr/lib/avr6\libscanf_flt.a(vfscanf_flt.o)
 .data          0x00000000        0x0 c:/program files (x86)/atmel/studio/7.0/toolchain/avr8/avr8-gnu-toolchain/bin/../lib/gcc/avr/5.4.0/../../../../avr/lib/avr6\libscanf_flt.a(vfscanf_flt.o)
 .bss           0x00000000        0x0 c:/program files (x86)/atmel/studio/7.0/toolchain/avr8/avr8-gnu-toolchain/bin/../lib/gcc/avr/5.4.0/../../../../avr/lib/avr6\libscanf_flt.a(vfscanf_flt.o)
 .text          0x00000000        0x0 c:/program files (x86)/atmel/studio/7.0/toolchain/avr8/avr8-gnu-toolchain/bin/../lib/gcc/avr/5.4.0/avr6\libgcc.a(_exit.o)
 .data          0x00000000        0x0 c:/program files (x86)/atmel/studio/7.0/toolchain/avr8/avr8-gnu-toolchain/bin/../lib/gcc/avr/5.4.0/avr6\libgcc.a(_exit.o)
 .bss           0x00000000        0x0 c:/program files (x86)/atmel/studio/7.0/toolchain/avr8/avr8-gnu-toolchain/bin/../lib/gcc/avr/5.4.0/avr6\libgcc.a(_exit.o)
 .text.libgcc.mul
                0x00000000        0x0 c:/program files (x86)/atmel/studio/7.0/toolchain/avr8/avr8-gnu-toolchain/bin/../lib/gcc/avr/5.4.0/avr6\libgcc.a(_exit.o)
 .text.libgcc.div
                0x00000000        0x0 c:/program files (x86)/atmel/studio/7.0/toolchain/avr8/avr8-gnu-toolchain/bin/../lib/gcc/avr/5.4.0/avr6\libgcc.a(_exit.o)
 .text.libgcc   0x00000000        0x0 c:/program files (x86)/atmel/studio/7.0/toolchain/avr8/avr8-gnu-toolchain/bin/../lib/gcc/avr/5.4.0/avr6\libgcc.a(_exit.o)
 .text.libgcc.prologue
                0x00000000        0x0 c:/program files (x86)/atmel/studio/7.0/toolchain/avr8/avr8-gnu-toolchain/bin/../lib/gcc/avr/5.4.0/avr6\libgcc.a(_exit.o)
 .text.libgcc.builtins
                0x00000000        0x0 c:/program files (x86)/atmel/studio/7.0/toolchain/avr8/avr8-gnu-toolchain/bin/../lib/gcc/avr/5.4.0/avr6\libgcc.a(_exit.o)
 .text.libgcc.fmul
                0x00000000        0x0 c:/program files (x86)/atmel/studio/7.0/toolchain/avr8/avr8-gnu-toolchain/bin/../lib/gcc/avr/5.4.0/avr6\libgcc.a(_exit.o)
 .text.libgcc.fixed
                0x00000000        0x0 c:/program files (x86)/atmel/studio/7.0/toolchain/avr8/avr8-gnu-toolchain/bin/../lib/gcc/avr/5.4.0/avr6\libgcc.a(_exit.o)
 .text          0x00000000        0x0 c:/program files (x86)/atmel/studio/7.0/toolchain/avr8/avr8-gnu-toolchain/bin/../lib/gcc/avr/5.4.0/avr6\libgcc.a(_tablejump2.o)
 .data          0x00000000        0x0 c:/program files (x86)/atmel/studio/7.0/toolchain/avr8/avr8-gnu-toolchain/bin/../lib/gcc/avr/5.4.0/avr6\libgcc.a(_tablejump2.o)
 .bss           0x00000000        0x0 c:/program files (x86)/atmel/studio/7.0/toolchain/avr8/avr8-gnu-toolchain/bin/../lib/gcc/avr/5.4.0/avr6\libgcc.a(_tablejump2.o)
 .text.libgcc.mul
                0x00000000        0x0 c:/program files (x86)/atmel/studio/7.0/toolchain/avr8/avr8-gnu-toolchain/bin/../lib/gcc/avr/5.4.0/avr6\libgcc.a(_tablejump2.o)
 .text.libgcc.div
                0x00000000        0x0 c:/program files (x86)/atmel/studio/7.0/toolchain/avr8/avr8-gnu-toolchain/bin/../lib/gcc/avr/5.4.0/avr6\libgcc.a(_tablejump2.o)
 .text.libgcc.prologue
                0x00000000        0x0 c:/program files (x86)/atmel/studio/7.0/toolchain/avr8/avr8-gnu-toolchain/bin/../lib/gcc/avr/5.4.0/avr6\libgcc.a(_tablejump2.o)
 .text.libgcc.builtins
                0x00000000        0x0 c:/program files (x86)/atmel/studio/7.0/toolchain/avr8/avr8-gnu-toolchain/bin/../lib/gcc/avr/5.4.0/avr6\libgcc.a(_tablejump2.o)
 .text.libgcc.fmul
                0x00000000        0x0 c:/program files (x86)/atmel/studio/7.0/toolchain/avr8/avr8-gnu-toolchain/bin/../lib/gcc/avr/5.4.0/avr6\libgcc.a(_tablejump2.o)
 .text.libgcc.fixed
                0x00000000        0x0 c:/program files (x86)/atmel/studio/7.0/toolchain/avr8/avr8-gnu-toolchain/bin/../lib/gcc/avr/5.4.0/avr6\libgcc.a(_tablejump2.o)
 .text          0x00000000        0x0 c:/program files (x86)/atmel/studio/7.0/toolchain/avr8/avr8-gnu-toolchain/bin/../lib/gcc/avr/5.4.0/avr6\libgcc.a(_copy_data.o)
 .data          0x00000000        0x0 c:/program files (x86)/atmel/studio/7.0/toolchain/avr8/avr8-gnu-toolchain/bin/../lib/gcc/avr/5.4.0/avr6\libgcc.a(_copy_data.o)
 .bss           0x00000000        0x0 c:/program files (x86)/atmel/studio/7.0/toolchain/avr8/avr8-gnu-toolchain/bin/../lib/gcc/avr/5.4.0/avr6\libgcc.a(_copy_data.o)
 .text.libgcc.mul
                0x00000000        0x0 c:/program files (x86)/atmel/studio/7.0/toolchain/avr8/avr8-gnu-toolchain/bin/../lib/gcc/avr/5.4.0/avr6\libgcc.a(_copy_data.o)
 .text.libgcc.div
                0x00000000        0x0 c:/program files (x86)/atmel/studio/7.0/toolchain/avr8/avr8-gnu-toolchain/bin/../lib/gcc/avr/5.4.0/avr6\libgcc.a(_copy_data.o)
 .text.libgcc   0x00000000        0x0 c:/program files (x86)/atmel/studio/7.0/toolchain/avr8/avr8-gnu-toolchain/bin/../lib/gcc/avr/5.4.0/avr6\libgcc.a(_copy_data.o)
 .text.libgcc.prologue
                0x00000000        0x0 c:/program files (x86)/atmel/studio/7.0/toolchain/avr8/avr8-gnu-toolchain/bin/../lib/gcc/avr/5.4.0/avr6\libgcc.a(_copy_data.o)
 .text.libgcc.builtins
                0x00000000        0x0 c:/program files (x86)/atmel/studio/7.0/toolchain/avr8/avr8-gnu-toolchain/bin/../lib/gcc/avr/5.4.0/avr6\libgcc.a(_copy_data.o)
 .text.libgcc.fmul
                0x00000000        0x0 c:/program files (x86)/atmel/studio/7.0/toolchain/avr8/avr8-gnu-toolchain/bin/../lib/gcc/avr/5.4.0/avr6\libgcc.a(_copy_data.o)
 .text.libgcc.fixed
                0x00000000        0x0 c:/program files (x86)/atmel/studio/7.0/toolchain/avr8/avr8-gnu-toolchain/bin/../lib/gcc/avr/5.4.0/avr6\libgcc.a(_copy_data.o)
 .text          0x00000000        0x0 c:/program files (x86)/atmel/studio/7.0/toolchain/avr8/avr8-gnu-toolchain/bin/../lib/gcc/avr/5.4.0/avr6\libgcc.a(_clear_bss.o)
 .data          0x00000000        0x0 c:/program files (x86)/atmel/studio/7.0/toolchain/avr8/avr8-gnu-toolchain/bin/../lib/gcc/avr/5.4.0/avr6\libgcc.a(_clear_bss.o)
 .bss           0x00000000        0x0 c:/program files (x86)/atmel/studio/7.0/toolchain/avr8/avr8-gnu-toolchain/bin/../lib/gcc/avr/5.4.0/avr6\libgcc.a(_clear_bss.o)
 .text.libgcc.mul
                0x00000000        0x0 c:/program files (x86)/atmel/studio/7.0/toolchain/avr8/avr8-gnu-toolchain/bin/../lib/gcc/avr/5.4.0/avr6\libgcc.a(_clear_bss.o)
 .text.libgcc.div
                0x00000000        0x0 c:/program files (x86)/atmel/studio/7.0/toolchain/avr8/avr8-gnu-toolchain/bin/../lib/gcc/avr/5.4.0/avr6\libgcc.a(_clear_bss.o)
 .text.libgcc   0x00000000        0x0 c:/program files (x86)/atmel/studio/7.0/toolchain/avr8/avr8-gnu-toolchain/bin/../lib/gcc/avr/5.4.0/avr6\libgcc.a(_clear_bss.o)
 .text.libgcc.prologue
                0x00000000        0x0 c:/program files (x86)/atmel/studio/7.0/toolchain/avr8/avr8-gnu-toolchain/bin/../lib/gcc/avr/5.4.0/avr6\libgcc.a(_clear_bss.o)
 .text.libgcc.builtins
                0x00000000        0x0 c:/program files (x86)/atmel/studio/7.0/toolchain/avr8/avr8-gnu-toolchain/bin/../lib/gcc/avr/5.4.0/avr6\libgcc.a(_clear_bss.o)
 .text.libgcc.fmul
                0x00000000        0x0 c:/program files (x86)/atmel/studio/7.0/toolchain/avr8/avr8-gnu-toolchain/bin/../lib/gcc/avr/5.4.0/avr6\libgcc.a(_clear_bss.o)
 .text.libgcc.fixed
                0x00000000        0x0 c:/program files (x86)/atmel/studio/7.0/toolchain/avr8/avr8-gnu-toolchain/bin/../lib/gcc/avr/5.4.0/avr6\libgcc.a(_clear_bss.o)
 .text          0x00000000        0x0 c:/program files (x86)/atmel/studio/7.0/toolchain/avr8/avr8-gnu-toolchain/bin/../lib/gcc/avr/5.4.0/../../../../avr/lib/avr6\libc.a(ftoa_engine.o)
 .data          0x00000000        0x0 c:/program files (x86)/atmel/studio/7.0/toolchain/avr8/avr8-gnu-toolchain/bin/../lib/gcc/avr/5.4.0/../../../../avr/lib/avr6\libc.a(ftoa_engine.o)
 .bss           0x00000000        0x0 c:/program files (x86)/atmel/studio/7.0/toolchain/avr8/avr8-gnu-toolchain/bin/../lib/gcc/avr/5.4.0/../../../../avr/lib/avr6\libc.a(ftoa_engine.o)
 .text          0x00000000        0x0 c:/program files (x86)/atmel/studio/7.0/toolchain/avr8/avr8-gnu-toolchain/bin/../lib/gcc/avr/5.4.0/../../../../avr/lib/avr6\libc.a(isspace.o)
 .data          0x00000000        0x0 c:/program files (x86)/atmel/studio/7.0/toolchain/avr8/avr8-gnu-toolchain/bin/../lib/gcc/avr/5.4.0/../../../../avr/lib/avr6\libc.a(isspace.o)
 .bss           0x00000000        0x0 c:/program files (x86)/atmel/studio/7.0/toolchain/avr8/avr8-gnu-toolchain/bin/../lib/gcc/avr/5.4.0/../../../../avr/lib/avr6\libc.a(isspace.o)
 .text          0x00000000        0x0 c:/program files (x86)/atmel/studio/7.0/toolchain/avr8/avr8-gnu-toolchain/bin/../lib/gcc/avr/5.4.0/../../../../avr/lib/avr6\libc.a(tolower.o)
 .data          0x00000000        0x0 c:/program files (x86)/atmel/studio/7.0/toolchain/avr8/avr8-gnu-toolchain/bin/../lib/gcc/avr/5.4.0/../../../../avr/lib/avr6\libc.a(tolower.o)
 .bss           0x00000000        0x0 c:/program files (x86)/atmel/studio/7.0/toolchain/avr8/avr8-gnu-toolchain/bin/../lib/gcc/avr/5.4.0/../../../../avr/lib/avr6\libc.a(tolower.o)
 .text          0x00000000        0x0 c:/program files (x86)/atmel/studio/7.0/toolchain/avr8/avr8-gnu-toolchain/bin/../lib/gcc/avr/5.4.0/../../../../avr/lib/avr6\libc.a(strchr_P.o)
 .data          0x00000000        0x0 c:/program files (x86)/atmel/studio/7.0/toolchain/avr8/avr8-gnu-toolchain/bin/../lib/gcc/avr/5.4.0/../../../../avr/lib/avr6\libc.a(strchr_P.o)
 .bss           0x00000000        0x0 c:/program files (x86)/atmel/studio/7.0/toolchain/avr8/avr8-gnu-toolchain/bin/../lib/gcc/avr/5.4.0/../../../../avr/lib/avr6\libc.a(strchr_P.o)
 .text          0x00000000        0x0 c:/program files (x86)/atmel/studio/7.0/toolchain/avr8/avr8-gnu-toolchain/bin/../lib/gcc/avr/5.4.0/../../../../avr/lib/avr6\libc.a(strnlen_P.o)
 .data          0x00000000        0x0 c:/program files (x86)/atmel/studio/7.0/toolchain/avr8/avr8-gnu-toolchain/bin/../lib/gcc/avr/5.4.0/../../../../avr/lib/avr6\libc.a(strnlen_P.o)
 .bss           0x00000000        0x0 c:/program files (x86)/atmel/studio/7.0/toolchain/avr8/avr8-gnu-toolchain/bin/../lib/gcc/avr/5.4.0/../../../../avr/lib/avr6\libc.a(strnlen_P.o)
 .text          0x00000000        0x0 c:/program files (x86)/atmel/studio/7.0/toolchain/avr8/avr8-gnu-toolchain/bin/../lib/gcc/avr/5.4.0/../../../../avr/lib/avr6\libc.a(strnlen.o)
 .data          0x00000000        0x0 c:/program files (x86)/atmel/studio/7.0/toolchain/avr8/avr8-gnu-toolchain/bin/../lib/gcc/avr/5.4.0/../../../../avr/lib/avr6\libc.a(strnlen.o)
 .bss           0x00000000        0x0 c:/program files (x86)/atmel/studio/7.0/toolchain/avr8/avr8-gnu-toolchain/bin/../lib/gcc/avr/5.4.0/../../../../avr/lib/avr6\libc.a(strnlen.o)
 .text          0x00000000        0x0 c:/program files (x86)/atmel/studio/7.0/toolchain/avr8/avr8-gnu-toolchain/bin/../lib/gcc/avr/5.4.0/../../../../avr/lib/avr6\libc.a(fgetc.o)
 .data          0x00000000        0x0 c:/program files (x86)/atmel/studio/7.0/toolchain/avr8/avr8-gnu-toolchain/bin/../lib/gcc/avr/5.4.0/../../../../avr/lib/avr6\libc.a(fgetc.o)
 .bss           0x00000000        0x0 c:/program files (x86)/atmel/studio/7.0/toolchain/avr8/avr8-gnu-toolchain/bin/../lib/gcc/avr/5.4.0/../../../../avr/lib/avr6\libc.a(fgetc.o)
 .text          0x00000000        0x0 c:/program files (x86)/atmel/studio/7.0/toolchain/avr8/avr8-gnu-toolchain/bin/../lib/gcc/avr/5.4.0/../../../../avr/lib/avr6\libc.a(fputc.o)
 .data          0x00000000        0x0 c:/program files (x86)/atmel/studio/7.0/toolchain/avr8/avr8-gnu-toolchain/bin/../lib/gcc/avr/5.4.0/../../../../avr/lib/avr6\libc.a(fputc.o)
 .bss           0x00000000        0x0 c:/program files (x86)/atmel/studio/7.0/toolchain/avr8/avr8-gnu-toolchain/bin/../lib/gcc/avr/5.4.0/../../../../avr/lib/avr6\libc.a(fputc.o)
 .text          0x00000000        0x0 c:/program files (x86)/atmel/studio/7.0/toolchain/avr8/avr8-gnu-toolchain/bin/../lib/gcc/avr/5.4.0/../../../../avr/lib/avr6\libc.a(iob.o)
 .data          0x00000000        0x0 c:/program files (x86)/atmel/studio/7.0/toolchain/avr8/avr8-gnu-toolchain/bin/../lib/gcc/avr/5.4.0/../../../../avr/lib/avr6\libc.a(iob.o)
 .bss           0x00000000        0x0 c:/program files (x86)/atmel/studio/7.0/toolchain/avr8/avr8-gnu-toolchain/bin/../lib/gcc/avr/5.4.0/../../../../avr/lib/avr6\libc.a(iob.o)
 .comment       0x00000000       0x31 c:/program files (x86)/atmel/studio/7.0/toolchain/avr8/avr8-gnu-toolchain/bin/../lib/gcc/avr/5.4.0/../../../../avr/lib/avr6\libc.a(iob.o)
 COMMON         0x00000000        0x6 c:/program files (x86)/atmel/studio/7.0/toolchain/avr8/avr8-gnu-toolchain/bin/../lib/gcc/avr/5.4.0/../../../../avr/lib/avr6\libc.a(iob.o)
 .text          0x00000000        0x0 c:/program files (x86)/atmel/studio/7.0/toolchain/avr8/avr8-gnu-toolchain/bin/../lib/gcc/avr/5.4.0/../../../../avr/lib/avr6\libc.a(sprintf.o)
 .data          0x00000000        0x0 c:/program files (x86)/atmel/studio/7.0/toolchain/avr8/avr8-gnu-toolchain/bin/../lib/gcc/avr/5.4.0/../../../../avr/lib/avr6\libc.a(sprintf.o)
 .bss           0x00000000        0x0 c:/program files (x86)/atmel/studio/7.0/toolchain/avr8/avr8-gnu-toolchain/bin/../lib/gcc/avr/5.4.0/../../../../avr/lib/avr6\libc.a(sprintf.o)
 .text          0x00000000        0x0 c:/program files (x86)/atmel/studio/7.0/toolchain/avr8/avr8-gnu-toolchain/bin/../lib/gcc/avr/5.4.0/../../../../avr/lib/avr6\libc.a(ungetc.o)
 .data          0x00000000        0x0 c:/program files (x86)/atmel/studio/7.0/toolchain/avr8/avr8-gnu-toolchain/bin/../lib/gcc/avr/5.4.0/../../../../avr/lib/avr6\libc.a(ungetc.o)
 .bss           0x00000000        0x0 c:/program files (x86)/atmel/studio/7.0/toolchain/avr8/avr8-gnu-toolchain/bin/../lib/gcc/avr/5.4.0/../../../../avr/lib/avr6\libc.a(ungetc.o)
 .text          0x00000000        0x0 c:/program files (x86)/atmel/studio/7.0/toolchain/avr8/avr8-gnu-toolchain/bin/../lib/gcc/avr/5.4.0/../../../../avr/lib/avr6\libc.a(ultoa_invert.o)
 .data          0x00000000        0x0 c:/program files (x86)/atmel/studio/7.0/toolchain/avr8/avr8-gnu-toolchain/bin/../lib/gcc/avr/5.4.0/../../../../avr/lib/avr6\libc.a(ultoa_invert.o)
 .bss           0x00000000        0x0 c:/program files (x86)/atmel/studio/7.0/toolchain/avr8/avr8-gnu-toolchain/bin/../lib/gcc/avr/5.4.0/../../../../avr/lib/avr6\libc.a(ultoa_invert.o)
 .text          0x00000000        0x0 c:/program files (x86)/atmel/studio/7.0/toolchain/avr8/avr8-gnu-toolchain/bin/../lib/gcc/avr/5.4.0/../../../../avr/lib/avr6\libc.a(cty_isfalse.o)
 .data          0x00000000        0x0 c:/program files (x86)/atmel/studio/7.0/toolchain/avr8/avr8-gnu-toolchain/bin/../lib/gcc/avr/5.4.0/../../../../avr/lib/avr6\libc.a(cty_isfalse.o)
 .bss           0x00000000        0x0 c:/program files (x86)/atmel/studio/7.0/toolchain/avr8/avr8-gnu-toolchain/bin/../lib/gcc/avr/5.4.0/../../../../avr/lib/avr6\libc.a(cty_isfalse.o)

Memory Configuration

Name             Origin             Length             Attributes
text             0x00000000         0x00100000         xr
data             0x00800200         0x0000fe00         rw !x
eeprom           0x00810000         0x00010000         rw !x
fuse             0x00820000         0x00000003         rw !x
lock             0x00830000         0x00000400         rw !x
signature        0x00840000         0x00000400         rw !x
user_signatures  0x00850000         0x00000400         rw !x
*default*        0x00000000         0xffffffff

Linker script and memory map

Address of section .data set to 0x800200
LOAD C:/Program Files (x86)/Atmel/Studio/7.0/Packs/atmel/ATmega_DFP/1.2.209/gcc/dev/atmega2560/avr6/crtatmega2560.o
LOAD Afstand/Afstand.o
LOAD Afstand/Afstand_beregner/Afstand_beregner.o
LOAD Afstand/Afstand_display/Afstand_display.o
LOAD Afstand/Pulse/Pulse.o
LOAD Init/Init.o
LOAD main.o
LOAD Menu/Menu.o
LOAD Menu/Menu_choices/Menu_choices.o
LOAD Menu/Menu_decoder/Menu_decoder.o
LOAD setup/stdio_setup.o
LOAD Temperatur/Temp_auto/Temp_auto.o
LOAD Temperatur/Temp_auto/Temp_auto_display/Temp_auto_display.o
LOAD Temperatur/Temp_auto/Temp_beregner/Temp_beregner.o
LOAD Temperatur/Temp_choices/Temp_choices.o
LOAD Temperatur/Temp_decoder/Temp_decoder.o
LOAD Temperatur/Temp_menu.o
LOAD Temperatur/Temp_user/Temp_user.o
LOAD Temperatur/Temp_user/Temp_user_decoder/Temp_user_decoder.o
LOAD Temperatur/Temp_user/Temp_user_display/Temp_user_display.o
START GROUP
LOAD c:/program files (x86)/atmel/studio/7.0/toolchain/avr8/avr8-gnu-toolchain/bin/../lib/gcc/avr/5.4.0/../../../../avr/lib/avr6\libm.a
LOAD c:\users\kenne\Documents\Atmel Studio\7.0\DIH_Projekt\DIH_Library\Debug\libDIH_Library.a
END GROUP
LOAD c:/program files (x86)/atmel/studio/7.0/toolchain/avr8/avr8-gnu-toolchain/bin/../lib/gcc/avr/5.4.0/../../../../avr/lib/avr6\libprintf_flt.a
LOAD c:/program files (x86)/atmel/studio/7.0/toolchain/avr8/avr8-gnu-toolchain/bin/../lib/gcc/avr/5.4.0/../../../../avr/lib/avr6\libscanf_flt.a
START GROUP
LOAD c:/program files (x86)/atmel/studio/7.0/toolchain/avr8/avr8-gnu-toolchain/bin/../lib/gcc/avr/5.4.0/avr6\libgcc.a
LOAD c:/program files (x86)/atmel/studio/7.0/toolchain/avr8/avr8-gnu-toolchain/bin/../lib/gcc/avr/5.4.0/../../../../avr/lib/avr6\libm.a
LOAD c:/program files (x86)/atmel/studio/7.0/toolchain/avr8/avr8-gnu-toolchain/bin/../lib/gcc/avr/5.4.0/../../../../avr/lib/avr6\libc.a
LOAD C:/Program Files (x86)/Atmel/Studio/7.0/Packs/atmel/ATmega_DFP/1.2.209/gcc/dev/atmega2560/avr6\libatmega2560.a
END GROUP
                0x00100000                __TEXT_REGION_LENGTH__ = DEFINED (__TEXT_REGION_LENGTH__)?__TEXT_REGION_LENGTH__:0x100000
                0x0000fe00                __DATA_REGION_LENGTH__ = DEFINED (__DATA_REGION_LENGTH__)?__DATA_REGION_LENGTH__:0xfe00
                0x00010000                __EEPROM_REGION_LENGTH__ = DEFINED (__EEPROM_REGION_LENGTH__)?__EEPROM_REGION_LENGTH__:0x10000
                [0x00000003]                __FUSE_REGION_LENGTH__ = DEFINED (__FUSE_REGION_LENGTH__)?__FUSE_REGION_LENGTH__:0x400
                0x00000400                __LOCK_REGION_LENGTH__ = DEFINED (__LOCK_REGION_LENGTH__)?__LOCK_REGION_LENGTH__:0x400
                0x00000400                __SIGNATURE_REGION_LENGTH__ = DEFINED (__SIGNATURE_REGION_LENGTH__)?__SIGNATURE_REGION_LENGTH__:0x400
                0x00000400                __USER_SIGNATURE_REGION_LENGTH__ = DEFINED (__USER_SIGNATURE_REGION_LENGTH__)?__USER_SIGNATURE_REGION_LENGTH__:0x400

.hash
 *(.hash)

.dynsym
 *(.dynsym)

.dynstr
 *(.dynstr)

.gnu.version
 *(.gnu.version)

.gnu.version_d
 *(.gnu.version_d)

.gnu.version_r
 *(.gnu.version_r)

.rel.init
 *(.rel.init)

.rela.init
 *(.rela.init)

.rel.text
 *(.rel.text)
 *(.rel.text.*)
 *(.rel.gnu.linkonce.t*)

.rela.text
 *(.rela.text)
 *(.rela.text.*)
 *(.rela.gnu.linkonce.t*)

.rel.fini
 *(.rel.fini)

.rela.fini
 *(.rela.fini)

.rel.rodata
 *(.rel.rodata)
 *(.rel.rodata.*)
 *(.rel.gnu.linkonce.r*)

.rela.rodata
 *(.rela.rodata)
 *(.rela.rodata.*)
 *(.rela.gnu.linkonce.r*)

.rel.data
 *(.rel.data)
 *(.rel.data.*)
 *(.rel.gnu.linkonce.d*)

.rela.data
 *(.rela.data)
 *(.rela.data.*)
 *(.rela.gnu.linkonce.d*)

.rel.ctors
 *(.rel.ctors)

.rela.ctors
 *(.rela.ctors)

.rel.dtors
 *(.rel.dtors)

.rela.dtors
 *(.rela.dtors)

.rel.got
 *(.rel.got)

.rela.got
 *(.rela.got)

.rel.bss
 *(.rel.bss)

.rela.bss
 *(.rela.bss)

.rel.plt
 *(.rel.plt)

.rela.plt
 *(.rela.plt)

.text           0x00000000     0x231a
 *(.vectors)
 .vectors       0x00000000       0xe4 C:/Program Files (x86)/Atmel/Studio/7.0/Packs/atmel/ATmega_DFP/1.2.209/gcc/dev/atmega2560/avr6/crtatmega2560.o
                0x00000000                __vector_default
                0x00000000                __vectors
 *(.vectors)
 *(.progmem.gcc*)
 .progmem.gcc_sw_table.Temp_user_decoder
                0x000000e4       0x40 Temperatur/Temp_user/Temp_user_decoder/Temp_user_decoder.o
 .progmem.gcc_fplib
                0x00000124       0x5a c:/program files (x86)/atmel/studio/7.0/toolchain/avr8/avr8-gnu-toolchain/bin/../lib/gcc/avr/5.4.0/../../../../avr/lib/avr6\libm.a(log.o)
                0x0000017e                . = ALIGN (0x2)
                0x0000017e                __trampolines_start = .
 *(.trampolines)
 .trampolines   0x0000017e        0x0 linker stubs
 *(.trampolines*)
                0x0000017e                __trampolines_end = .
 *libprintf_flt.a:*(.progmem.data)
 .progmem.data  0x0000017e        0x8 c:/program files (x86)/atmel/studio/7.0/toolchain/avr8/avr8-gnu-toolchain/bin/../lib/gcc/avr/5.4.0/../../../../avr/lib/avr6\libprintf_flt.a(vfprintf_flt.o)
 *libc.a:*(.progmem.data)
 .progmem.data  0x00000186       0xfa c:/program files (x86)/atmel/studio/7.0/toolchain/avr8/avr8-gnu-toolchain/bin/../lib/gcc/avr/5.4.0/../../../../avr/lib/avr6\libc.a(ftoa_engine.o)
 *(.progmem*)
 .progmem.data  0x00000280       0x4d c:/program files (x86)/atmel/studio/7.0/toolchain/avr8/avr8-gnu-toolchain/bin/../lib/gcc/avr/5.4.0/../../../../avr/lib/avr6\libscanf_flt.a(vfscanf_flt.o)
                0x000002ce                . = ALIGN (0x2)
 *fill*         0x000002cd        0x1 
 *(.jumptables)
 *(.jumptables*)
 *(.lowtext)
 *(.lowtext*)
                0x000002ce                __ctors_start = .
 *(.ctors)
                0x000002ce                __ctors_end = .
                0x000002ce                __dtors_start = .
 *(.dtors)
                0x000002ce                __dtors_end = .
 SORT(*)(.ctors)
 SORT(*)(.dtors)
 *(.init0)
 .init0         0x000002ce        0x0 C:/Program Files (x86)/Atmel/Studio/7.0/Packs/atmel/ATmega_DFP/1.2.209/gcc/dev/atmega2560/avr6/crtatmega2560.o
                0x000002ce                __init
 *(.init0)
 *(.init1)
 *(.init1)
 *(.init2)
 .init2         0x000002ce       0x10 C:/Program Files (x86)/Atmel/Studio/7.0/Packs/atmel/ATmega_DFP/1.2.209/gcc/dev/atmega2560/avr6/crtatmega2560.o
 *(.init2)
 *(.init3)
 *(.init3)
 *(.init4)
 .init4         0x000002de       0x1a c:/program files (x86)/atmel/studio/7.0/toolchain/avr8/avr8-gnu-toolchain/bin/../lib/gcc/avr/5.4.0/avr6\libgcc.a(_copy_data.o)
                0x000002de                __do_copy_data
 .init4         0x000002f8       0x10 c:/program files (x86)/atmel/studio/7.0/toolchain/avr8/avr8-gnu-toolchain/bin/../lib/gcc/avr/5.4.0/avr6\libgcc.a(_clear_bss.o)
                0x000002f8                __do_clear_bss
 *(.init4)
 *(.init5)
 *(.init5)
 *(.init6)
 *(.init6)
 *(.init7)
 *(.init7)
 *(.init8)
 *(.init8)
 *(.init9)
 .init9         0x00000308        0x6 C:/Program Files (x86)/Atmel/Studio/7.0/Packs/atmel/ATmega_DFP/1.2.209/gcc/dev/atmega2560/avr6/crtatmega2560.o
 *(.init9)
 *(.text)
 .text          0x0000030e        0x2 C:/Program Files (x86)/Atmel/Studio/7.0/Packs/atmel/ATmega_DFP/1.2.209/gcc/dev/atmega2560/avr6/crtatmega2560.o
                0x0000030e                __vector_38
                0x0000030e                __vector_22
                0x0000030e                __vector_28
                0x0000030e                __vector_1
                0x0000030e                __vector_32
                0x0000030e                __vector_34
                0x0000030e                __vector_24
                0x0000030e                __vector_12
                0x0000030e                __vector_55
                0x0000030e                __vector_46
                0x0000030e                __bad_interrupt
                0x0000030e                __vector_6
                0x0000030e                __vector_31
                0x0000030e                __vector_35
                0x0000030e                __vector_39
                0x0000030e                __vector_3
                0x0000030e                __vector_23
                0x0000030e                __vector_30
                0x0000030e                __vector_45
                0x0000030e                __vector_25
                0x0000030e                __vector_11
                0x0000030e                __vector_54
                0x0000030e                __vector_13
                0x0000030e                __vector_17
                0x0000030e                __vector_19
                0x0000030e                __vector_56
                0x0000030e                __vector_7
                0x0000030e                __vector_49
                0x0000030e                __vector_41
                0x0000030e                __vector_43
                0x0000030e                __vector_27
                0x0000030e                __vector_5
                0x0000030e                __vector_33
                0x0000030e                __vector_47
                0x0000030e                __vector_52
                0x0000030e                __vector_37
                0x0000030e                __vector_4
                0x0000030e                __vector_44
                0x0000030e                __vector_51
                0x0000030e                __vector_9
                0x0000030e                __vector_2
                0x0000030e                __vector_21
                0x0000030e                __vector_15
                0x0000030e                __vector_36
                0x0000030e                __vector_29
                0x0000030e                __vector_40
                0x0000030e                __vector_8
                0x0000030e                __vector_26
                0x0000030e                __vector_48
                0x0000030e                __vector_14
                0x0000030e                __vector_53
                0x0000030e                __vector_10
                0x0000030e                __vector_50
                0x0000030e                __vector_16
                0x0000030e                __vector_18
                0x0000030e                __vector_20
                0x0000030e                __vector_42
                0x00000310                . = ALIGN (0x2)
 *(.text.*)
 .text.Afstand  0x00000310       0x36 Afstand/Afstand.o
                0x00000310                Afstand
 .text.Afstand_beregner
                0x00000346        0x8 Afstand/Afstand_beregner/Afstand_beregner.o
                0x00000346                Afstand_beregner
 .text.Pulse    0x0000034e       0x1a Afstand/Pulse/Pulse.o
                0x0000034e                Pulse
 .text.Init     0x00000368       0x74 Init/Init.o
                0x00000368                Init
 .text.main     0x000003dc        0xa main.o
                0x000003dc                main
 .text.Menu     0x000003e6       0x3a Menu/Menu.o
                0x000003e6                Menu
 .text.Menu_choices
                0x00000420       0x22 Menu/Menu_choices/Menu_choices.o
                0x00000420                Menu_choices
 .text.Menu_decoder
                0x00000442       0x1e Menu/Menu_decoder/Menu_decoder.o
                0x00000442                Menu_decoder
 .text.Temp_auto
                0x00000460       0x34 Temperatur/Temp_auto/Temp_auto.o
                0x00000460                Temp_auto
 .text.Temp_auto_display
                0x00000494       0x6c Temperatur/Temp_auto/Temp_auto_display/Temp_auto_display.o
                0x00000494                Temp_auto_display
 .text.Temp_beregner
                0x00000500       0xf0 Temperatur/Temp_auto/Temp_beregner/Temp_beregner.o
                0x00000500                Temp_beregner
 .text.Temp_choices
                0x000005f0       0x1c Temperatur/Temp_choices/Temp_choices.o
                0x000005f0                Temp_choices
 .text.Temp_decoder
                0x0000060c       0x1e Temperatur/Temp_decoder/Temp_decoder.o
                0x0000060c                Temp_decoder
 .text.Temp_menu
                0x0000062a       0x4e Temperatur/Temp_menu.o
                0x0000062a                Temp_menu
 .text.Temp_user
                0x00000678       0x5a Temperatur/Temp_user/Temp_user.o
                0x00000678                Temp_user
 .text.Temp_user_decoder
                0x000006d2       0xa4 Temperatur/Temp_user/Temp_user_decoder/Temp_user_decoder.o
                0x000006d2                Temp_user_decoder
 .text.Temp_user_display
                0x00000776       0x10 Temperatur/Temp_user/Temp_user_display/Temp_user_display.o
                0x00000776                Temp_user_display
 .text.avr-libc.fplib
                0x00000786        0xa c:/program files (x86)/atmel/studio/7.0/toolchain/avr8/avr8-gnu-toolchain/bin/../lib/gcc/avr/5.4.0/../../../../avr/lib/avr6\libm.a(addsf3.o)
                0x00000786                __subsf3
                0x00000788                __addsf3
 .text.avr-libc.fplib
                0x00000790       0xc0 c:/program files (x86)/atmel/studio/7.0/toolchain/avr8/avr8-gnu-toolchain/bin/../lib/gcc/avr/5.4.0/../../../../avr/lib/avr6\libm.a(addsf3x.o)
                0x000007aa                __addsf3x
 .text.avr-libc.fplib
                0x00000850        0x8 c:/program files (x86)/atmel/studio/7.0/toolchain/avr8/avr8-gnu-toolchain/bin/../lib/gcc/avr/5.4.0/../../../../avr/lib/avr6\libm.a(cmpsf2.o)
                0x00000850                __nesf2
                0x00000850                __eqsf2
                0x00000850                __cmpsf2
                0x00000850                __ltsf2
                0x00000850                __lesf2
 .text.avr-libc.fplib
                0x00000858        0x4 c:/program files (x86)/atmel/studio/7.0/toolchain/avr8/avr8-gnu-toolchain/bin/../lib/gcc/avr/5.4.0/../../../../avr/lib/avr6\libm.a(divsf3.o)
                0x00000858                __divsf3
 .text.avr-libc.fplib
                0x0000085c       0xcc c:/program files (x86)/atmel/studio/7.0/toolchain/avr8/avr8-gnu-toolchain/bin/../lib/gcc/avr/5.4.0/../../../../avr/lib/avr6\libm.a(divsf3x.o)
                0x00000872                __divsf3x
                0x00000876                __divsf3_pse
 .text.avr-libc.fplib
                0x00000928       0x7a c:/program files (x86)/atmel/studio/7.0/toolchain/avr8/avr8-gnu-toolchain/bin/../lib/gcc/avr/5.4.0/../../../../avr/lib/avr6\libm.a(floatsisf.o)
                0x00000928                __floatunsisf
                0x0000092c                __floatsisf
 .text.avr-libc.fplib
                0x000009a2       0x48 c:/program files (x86)/atmel/studio/7.0/toolchain/avr8/avr8-gnu-toolchain/bin/../lib/gcc/avr/5.4.0/../../../../avr/lib/avr6\libm.a(fp_cmp.o)
                0x000009a2                __fp_cmp
 .text.avr-libc.fplib
                0x000009ea        0xc c:/program files (x86)/atmel/studio/7.0/toolchain/avr8/avr8-gnu-toolchain/bin/../lib/gcc/avr/5.4.0/../../../../avr/lib/avr6\libm.a(fp_inf.o)
                0x000009ea                __fp_inf
 .text.avr-libc.fplib
                0x000009f6        0x6 c:/program files (x86)/atmel/studio/7.0/toolchain/avr8/avr8-gnu-toolchain/bin/../lib/gcc/avr/5.4.0/../../../../avr/lib/avr6\libm.a(fp_nan.o)
                0x000009f6                __fp_nan
 .text.avr-libc.fplib
                0x000009fc        0xe c:/program files (x86)/atmel/studio/7.0/toolchain/avr8/avr8-gnu-toolchain/bin/../lib/gcc/avr/5.4.0/../../../../avr/lib/avr6\libm.a(fp_pscA.o)
                0x000009fc                __fp_pscA
 .text.avr-libc.fplib
                0x00000a0a        0xe c:/program files (x86)/atmel/studio/7.0/toolchain/avr8/avr8-gnu-toolchain/bin/../lib/gcc/avr/5.4.0/../../../../avr/lib/avr6\libm.a(fp_pscB.o)
                0x00000a0a                __fp_pscB
 .text.avr-libc.fplib
                0x00000a18       0x22 c:/program files (x86)/atmel/studio/7.0/toolchain/avr8/avr8-gnu-toolchain/bin/../lib/gcc/avr/5.4.0/../../../../avr/lib/avr6\libm.a(fp_round.o)
                0x00000a18                __fp_round
 .text.avr-libc.fplib
                0x00000a3a       0x44 c:/program files (x86)/atmel/studio/7.0/toolchain/avr8/avr8-gnu-toolchain/bin/../lib/gcc/avr/5.4.0/../../../../avr/lib/avr6\libm.a(fp_split3.o)
                0x00000a3a                __fp_split3
                0x00000a4a                __fp_splitA
 .text.avr-libc.fplib
                0x00000a7e        0xe c:/program files (x86)/atmel/studio/7.0/toolchain/avr8/avr8-gnu-toolchain/bin/../lib/gcc/avr/5.4.0/../../../../avr/lib/avr6\libm.a(fp_zero.o)
                0x00000a7e                __fp_zero
                0x00000a80                __fp_szero
 .text.avr-libc.fplib
                0x00000a8c        0x8 c:/program files (x86)/atmel/studio/7.0/toolchain/avr8/avr8-gnu-toolchain/bin/../lib/gcc/avr/5.4.0/../../../../avr/lib/avr6\libm.a(gesf2.o)
                0x00000a8c                __gesf2
                0x00000a8c                __gtsf2
 .text.avr-libc.fplib
                0x00000a94       0x8a c:/program files (x86)/atmel/studio/7.0/toolchain/avr8/avr8-gnu-toolchain/bin/../lib/gcc/avr/5.4.0/../../../../avr/lib/avr6\libm.a(log.o)
                0x00000a9e                log
 .text.avr-libc.fplib
                0x00000b1e        0x4 c:/program files (x86)/atmel/studio/7.0/toolchain/avr8/avr8-gnu-toolchain/bin/../lib/gcc/avr/5.4.0/../../../../avr/lib/avr6\libm.a(mulsf3.o)
                0x00000b1e                __mulsf3
 .text.avr-libc.fplib
                0x00000b22       0xc2 c:/program files (x86)/atmel/studio/7.0/toolchain/avr8/avr8-gnu-toolchain/bin/../lib/gcc/avr/5.4.0/../../../../avr/lib/avr6\libm.a(mulsf3x.o)
                0x00000b36                __mulsf3x
                0x00000b3a                __mulsf3_pse
 .text.avr-libc.fplib
                0x00000be4       0x1c c:/program files (x86)/atmel/studio/7.0/toolchain/avr8/avr8-gnu-toolchain/bin/../lib/gcc/avr/5.4.0/../../../../avr/lib/avr6\libm.a(fp_mpack.o)
                0x00000be4                __fp_mpack
                0x00000be8                __fp_mpack_finite
 .text.avr-libc.fplib
                0x00000c00       0x4a c:/program files (x86)/atmel/studio/7.0/toolchain/avr8/avr8-gnu-toolchain/bin/../lib/gcc/avr/5.4.0/../../../../avr/lib/avr6\libm.a(fp_powser.o)
                0x00000c00                __fp_powser
 .text.ColumnScan
                0x00000c4a       0x6c c:\users\kenne\Documents\Atmel Studio\7.0\DIH_Projekt\DIH_Library\Debug\libDIH_Library.a(ColumnScan.o)
                0x00000c4a                ColumnScan
 .text.ReadRow  0x00000cb6       0x4a c:\users\kenne\Documents\Atmel Studio\7.0\DIH_Projekt\DIH_Library\Debug\libDIH_Library.a(ReadRow.o)
                0x00000cb6                ReadRow
 .text.toggle_e
                0x00000d00        0x8 c:\users\kenne\Documents\Atmel Studio\7.0\DIH_Projekt\DIH_Library\Debug\libDIH_Library.a(lcd.o)
 .text.lcd_write
                0x00000d08       0xcc c:\users\kenne\Documents\Atmel Studio\7.0\DIH_Projekt\DIH_Library\Debug\libDIH_Library.a(lcd.o)
 .text.lcd_read
                0x00000dd4       0x72 c:\users\kenne\Documents\Atmel Studio\7.0\DIH_Projekt\DIH_Library\Debug\libDIH_Library.a(lcd.o)
 .text.lcd_waitbusy
                0x00000e46       0x12 c:\users\kenne\Documents\Atmel Studio\7.0\DIH_Projekt\DIH_Library\Debug\libDIH_Library.a(lcd.o)
 .text.lcd_command
                0x00000e58       0x10 c:\users\kenne\Documents\Atmel Studio\7.0\DIH_Projekt\DIH_Library\Debug\libDIH_Library.a(lcd.o)
                0x00000e58                lcd_command
 .text.lcd_gotoxy
                0x00000e68       0x10 c:\users\kenne\Documents\Atmel Studio\7.0\DIH_Projekt\DIH_Library\Debug\libDIH_Library.a(lcd.o)
                0x00000e68                lcd_gotoxy
 .text.lcd_clrscr
                0x00000e78        0x6 c:\users\kenne\Documents\Atmel Studio\7.0\DIH_Projekt\DIH_Library\Debug\libDIH_Library.a(lcd.o)
                0x00000e78                lcd_clrscr
 .text.lcd_putc
                0x00000e7e       0x24 c:\users\kenne\Documents\Atmel Studio\7.0\DIH_Projekt\DIH_Library\Debug\libDIH_Library.a(lcd.o)
                0x00000e7e                lcd_putc
 .text.lcd_puts
                0x00000ea2       0x1e c:\users\kenne\Documents\Atmel Studio\7.0\DIH_Projekt\DIH_Library\Debug\libDIH_Library.a(lcd.o)
                0x00000ea2                lcd_puts
 .text.lcd_init
                0x00000ec0       0x7e c:\users\kenne\Documents\Atmel Studio\7.0\DIH_Projekt\DIH_Library\Debug\libDIH_Library.a(lcd.o)
                0x00000ec0                lcd_init
 .text.Pre_display
                0x00000f3e        0x8 c:\users\kenne\Documents\Atmel Studio\7.0\DIH_Projekt\DIH_Library\Debug\libDIH_Library.a(Pre_display.o)
                0x00000f3e                Pre_display
 .text.avr-libc
                0x00000f46      0x714 c:/program files (x86)/atmel/studio/7.0/toolchain/avr8/avr8-gnu-toolchain/bin/../lib/gcc/avr/5.4.0/../../../../avr/lib/avr6\libprintf_flt.a(vfprintf_flt.o)
                0x00000f46                vfprintf
 .text.avr-libc
                0x0000165a      0x854 c:/program files (x86)/atmel/studio/7.0/toolchain/avr8/avr8-gnu-toolchain/bin/../lib/gcc/avr/5.4.0/../../../../avr/lib/avr6\libscanf_flt.a(vfscanf_flt.o)
                0x00001c44                vfscanf
 .text.libgcc   0x00001eae       0x10 c:/program files (x86)/atmel/studio/7.0/toolchain/avr8/avr8-gnu-toolchain/bin/../lib/gcc/avr/5.4.0/avr6\libgcc.a(_tablejump2.o)
                0x00001eae                __tablejump2__
 .text.avr-libc
                0x00001ebe      0x1b0 c:/program files (x86)/atmel/studio/7.0/toolchain/avr8/avr8-gnu-toolchain/bin/../lib/gcc/avr/5.4.0/../../../../avr/lib/avr6\libc.a(ftoa_engine.o)
                0x00001ebe                __ftoa_engine
 .text.avr-libc
                0x0000206e       0x10 c:/program files (x86)/atmel/studio/7.0/toolchain/avr8/avr8-gnu-toolchain/bin/../lib/gcc/avr/5.4.0/../../../../avr/lib/avr6\libc.a(isspace.o)
                0x0000206e                isspace
 .text.avr-libc
                0x0000207e       0x10 c:/program files (x86)/atmel/studio/7.0/toolchain/avr8/avr8-gnu-toolchain/bin/../lib/gcc/avr/5.4.0/../../../../avr/lib/avr6\libc.a(tolower.o)
                0x0000207e                tolower
 .text.avr-libc
                0x0000208e       0x16 c:/program files (x86)/atmel/studio/7.0/toolchain/avr8/avr8-gnu-toolchain/bin/../lib/gcc/avr/5.4.0/../../../../avr/lib/avr6\libc.a(strchr_P.o)
                0x0000208e                strchr_P
 .text.avr-libc
                0x000020a4       0x16 c:/program files (x86)/atmel/studio/7.0/toolchain/avr8/avr8-gnu-toolchain/bin/../lib/gcc/avr/5.4.0/../../../../avr/lib/avr6\libc.a(strnlen_P.o)
                0x000020a4                strnlen_P
 .text.avr-libc
                0x000020ba       0x16 c:/program files (x86)/atmel/studio/7.0/toolchain/avr8/avr8-gnu-toolchain/bin/../lib/gcc/avr/5.4.0/../../../../avr/lib/avr6\libc.a(strnlen.o)
                0x000020ba                strnlen
 .text.avr-libc
                0x000020d0       0x7c c:/program files (x86)/atmel/studio/7.0/toolchain/avr8/avr8-gnu-toolchain/bin/../lib/gcc/avr/5.4.0/../../../../avr/lib/avr6\libc.a(fgetc.o)
                0x000020d0                fgetc
 .text.avr-libc
                0x0000214c       0x78 c:/program files (x86)/atmel/studio/7.0/toolchain/avr8/avr8-gnu-toolchain/bin/../lib/gcc/avr/5.4.0/../../../../avr/lib/avr6\libc.a(fputc.o)
                0x0000214c                fputc
 .text.avr-libc
                0x000021c4       0x5e c:/program files (x86)/atmel/studio/7.0/toolchain/avr8/avr8-gnu-toolchain/bin/../lib/gcc/avr/5.4.0/../../../../avr/lib/avr6\libc.a(sprintf.o)
                0x000021c4                sprintf
 .text.avr-libc
                0x00002222       0x32 c:/program files (x86)/atmel/studio/7.0/toolchain/avr8/avr8-gnu-toolchain/bin/../lib/gcc/avr/5.4.0/../../../../avr/lib/avr6\libc.a(ungetc.o)
                0x00002222                ungetc
 .text.avr-libc
                0x00002254       0xbc c:/program files (x86)/atmel/studio/7.0/toolchain/avr8/avr8-gnu-toolchain/bin/../lib/gcc/avr/5.4.0/../../../../avr/lib/avr6\libc.a(ultoa_invert.o)
                0x00002254                __ultoa_invert
 .text.avr-libc
                0x00002310        0x6 c:/program files (x86)/atmel/studio/7.0/toolchain/avr8/avr8-gnu-toolchain/bin/../lib/gcc/avr/5.4.0/../../../../avr/lib/avr6\libc.a(cty_isfalse.o)
                0x00002310                __ctype_isfalse
                0x00002314                __ctype_istrue
                0x00002316                . = ALIGN (0x2)
 *(.fini9)
 .fini9         0x00002316        0x0 c:/program files (x86)/atmel/studio/7.0/toolchain/avr8/avr8-gnu-toolchain/bin/../lib/gcc/avr/5.4.0/avr6\libgcc.a(_exit.o)
                0x00002316                _exit
                0x00002316                exit
 *(.fini9)
 *(.fini8)
 *(.fini8)
 *(.fini7)
 *(.fini7)
 *(.fini6)
 *(.fini6)
 *(.fini5)
 *(.fini5)
 *(.fini4)
 *(.fini4)
 *(.fini3)
 *(.fini3)
 *(.fini2)
 *(.fini2)
 *(.fini1)
 *(.fini1)
 *(.fini0)
 .fini0         0x00002316        0x4 c:/program files (x86)/atmel/studio/7.0/toolchain/avr8/avr8-gnu-toolchain/bin/../lib/gcc/avr/5.4.0/avr6\libgcc.a(_exit.o)
 *(.fini0)
                0x0000231a                _etext = .

.data           0x00800200       0x56 load address 0x0000231a
                0x00800200                PROVIDE (__data_start, .)
 *(.data)
 *(.data*)
 .data.afstand_column
                0x00800200        0x2 Afstand/Afstand.o
                0x00800200                afstand_column
 .data.chosen   0x00800202        0x2 Menu/Menu_decoder/Menu_decoder.o
                0x00800202                chosen
 .data.temo_column
                0x00800204        0x2 Temperatur/Temp_auto/Temp_auto.o
                0x00800204                temo_column
 .data.chosenTemp
                0x00800206        0x2 Temperatur/Temp_decoder/Temp_decoder.o
                0x00800206                chosenTemp
 .data.user_column
                0x00800208        0x2 Temperatur/Temp_user/Temp_user.o
                0x00800208                user_column
 *(.gnu.linkonce.d*)
 *(.rodata)
 *(.rodata*)
 .rodata.str1.1
                0x0080020a       0x1c Menu/Menu_choices/Menu_choices.o
 .rodata.str1.1
                0x00800226        0xf Temperatur/Temp_auto/Temp_auto_display/Temp_auto_display.o
 .rodata.str1.1
                0x00800235       0x10 Temperatur/Temp_choices/Temp_choices.o
 .rodata.str1.1
                0x00800245       0x10 Temperatur/Temp_user/Temp_user_display/Temp_user_display.o
 *(.gnu.linkonce.r*)
                0x00800256                . = ALIGN (0x2)
 *fill*         0x00800255        0x1 
                0x00800256                _edata = .
                0x00800256                PROVIDE (__data_end, .)

.bss            0x00800256        0x7
                0x00800256                PROVIDE (__bss_start, .)
 *(.bss)
 *(.bss*)
 *(COMMON)
 COMMON         0x00800256        0x2 Afstand/Afstand.o
                0x00800256                afstand_row
 COMMON         0x00800258        0x2 Temperatur/Temp_auto/Temp_auto.o
                0x00800258                temp_row
 COMMON         0x0080025a        0x2 Temperatur/Temp_user/Temp_user.o
                0x0080025a                user_row
 COMMON         0x0080025c        0x1 c:\users\kenne\Documents\Atmel Studio\7.0\DIH_Projekt\DIH_Library\Debug\libDIH_Library.a(ColumnScan.o)
                0x0080025c                reset_char
                0x0080025d                PROVIDE (__bss_end, .)
                0x0000231a                __data_load_start = LOADADDR (.data)
                0x00002370                __data_load_end = (__data_load_start + SIZEOF (.data))

.noinit         0x0080025d        0x0
                [!provide]                PROVIDE (__noinit_start, .)
 *(.noinit*)
                [!provide]                PROVIDE (__noinit_end, .)
                0x0080025d                _end = .
                [!provide]                PROVIDE (__heap_start, .)

.eeprom         0x00810000        0x0
 *(.eeprom*)
                0x00810000                __eeprom_end = .

.fuse
 *(.fuse)
 *(.lfuse)
 *(.hfuse)
 *(.efuse)

.lock
 *(.lock*)

.signature
 *(.signature*)

.user_signatures
 *(.user_signatures*)

.stab
 *(.stab)

.stabstr
 *(.stabstr)

.stab.excl
 *(.stab.excl)

.stab.exclstr
 *(.stab.exclstr)

.stab.index
 *(.stab.index)

.stab.indexstr
 *(.stab.indexstr)

.comment        0x00000000       0x5c
 *(.comment)
 .comment       0x00000000       0x30 Afstand/Afstand.o
                                 0x31 (size before relaxing)
 .comment       0x00000030       0x31 Afstand/Afstand_beregner/Afstand_beregner.o
 .comment       0x00000030       0x31 Afstand/Pulse/Pulse.o
 .comment       0x00000030       0x31 Init/Init.o
 .comment       0x00000030       0x31 main.o
 .comment       0x00000030       0x31 Menu/Menu.o
 .comment       0x00000030       0x31 Menu/Menu_choices/Menu_choices.o
 .comment       0x00000030       0x31 Menu/Menu_decoder/Menu_decoder.o
 .comment       0x00000030       0x31 Temperatur/Temp_auto/Temp_auto.o
 .comment       0x00000030       0x31 Temperatur/Temp_auto/Temp_auto_display/Temp_auto_display.o
 .comment       0x00000030       0x31 Temperatur/Temp_auto/Temp_beregner/Temp_beregner.o
 .comment       0x00000030       0x31 Temperatur/Temp_choices/Temp_choices.o
 .comment       0x00000030       0x31 Temperatur/Temp_decoder/Temp_decoder.o
 .comment       0x00000030       0x31 Temperatur/Temp_menu.o
 .comment       0x00000030       0x31 Temperatur/Temp_user/Temp_user.o
 .comment       0x00000030       0x31 Temperatur/Temp_user/Temp_user_decoder/Temp_user_decoder.o
 .comment       0x00000030       0x31 Temperatur/Temp_user/Temp_user_display/Temp_user_display.o
 .comment       0x00000030       0x31 c:\users\kenne\Documents\Atmel Studio\7.0\DIH_Projekt\DIH_Library\Debug\libDIH_Library.a(ColumnScan.o)
 .comment       0x00000030       0x31 c:\users\kenne\Documents\Atmel Studio\7.0\DIH_Projekt\DIH_Library\Debug\libDIH_Library.a(ReadRow.o)
 .comment       0x00000030       0x31 c:\users\kenne\Documents\Atmel Studio\7.0\DIH_Projekt\DIH_Library\Debug\libDIH_Library.a(lcd.o)
 .comment       0x00000030       0x31 c:\users\kenne\Documents\Atmel Studio\7.0\DIH_Projekt\DIH_Library\Debug\libDIH_Library.a(Pre_display.o)
 .comment       0x00000030       0x2c c:/program files (x86)/atmel/studio/7.0/toolchain/avr8/avr8-gnu-toolchain/bin/../lib/gcc/avr/5.4.0/../../../../avr/lib/avr6\libprintf_flt.a(vfprintf_flt.o)
                                 0x2d (size before relaxing)
 .comment       0x0000005c       0x2d c:/program files (x86)/atmel/studio/7.0/toolchain/avr8/avr8-gnu-toolchain/bin/../lib/gcc/avr/5.4.0/../../../../avr/lib/avr6\libscanf_flt.a(vfscanf_flt.o)
 .comment       0x0000005c       0x31 c:/program files (x86)/atmel/studio/7.0/toolchain/avr8/avr8-gnu-toolchain/bin/../lib/gcc/avr/5.4.0/../../../../avr/lib/avr6\libc.a(fgetc.o)
 .comment       0x0000005c       0x31 c:/program files (x86)/atmel/studio/7.0/toolchain/avr8/avr8-gnu-toolchain/bin/../lib/gcc/avr/5.4.0/../../../../avr/lib/avr6\libc.a(fputc.o)
 .comment       0x0000005c       0x31 c:/program files (x86)/atmel/studio/7.0/toolchain/avr8/avr8-gnu-toolchain/bin/../lib/gcc/avr/5.4.0/../../../../avr/lib/avr6\libc.a(sprintf.o)
 .comment       0x0000005c       0x31 c:/program files (x86)/atmel/studio/7.0/toolchain/avr8/avr8-gnu-toolchain/bin/../lib/gcc/avr/5.4.0/../../../../avr/lib/avr6\libc.a(ungetc.o)

.note.gnu.avr.deviceinfo
                0x00000000       0x40
 .note.gnu.avr.deviceinfo
                0x00000000       0x40 C:/Program Files (x86)/Atmel/Studio/7.0/Packs/atmel/ATmega_DFP/1.2.209/gcc/dev/atmega2560/avr6/crtatmega2560.o

.note.gnu.build-id
 *(.note.gnu.build-id)

.debug
 *(.debug)

.line
 *(.line)

.debug_srcinfo
 *(.debug_srcinfo)

.debug_sfnames
 *(.debug_sfnames)

.debug_aranges  0x00000000      0x308
 *(.debug_aranges)
 .debug_aranges
                0x00000000       0x20 Afstand/Afstand.o
 .debug_aranges
                0x00000020       0x20 Afstand/Afstand_beregner/Afstand_beregner.o
 .debug_aranges
                0x00000040       0x20 Afstand/Pulse/Pulse.o
 .debug_aranges
                0x00000060       0x20 Init/Init.o
 .debug_aranges
                0x00000080       0x20 main.o
 .debug_aranges
                0x000000a0       0x20 Menu/Menu.o
 .debug_aranges
                0x000000c0       0x20 Menu/Menu_choices/Menu_choices.o
 .debug_aranges
                0x000000e0       0x20 Menu/Menu_decoder/Menu_decoder.o
 .debug_aranges
                0x00000100       0x20 Temperatur/Temp_auto/Temp_auto.o
 .debug_aranges
                0x00000120       0x20 Temperatur/Temp_auto/Temp_auto_display/Temp_auto_display.o
 .debug_aranges
                0x00000140       0x20 Temperatur/Temp_auto/Temp_beregner/Temp_beregner.o
 .debug_aranges
                0x00000160       0x20 Temperatur/Temp_choices/Temp_choices.o
 .debug_aranges
                0x00000180       0x20 Temperatur/Temp_decoder/Temp_decoder.o
 .debug_aranges
                0x000001a0       0x20 Temperatur/Temp_menu.o
 .debug_aranges
                0x000001c0       0x20 Temperatur/Temp_user/Temp_user.o
 .debug_aranges
                0x000001e0       0x20 Temperatur/Temp_user/Temp_user_decoder/Temp_user_decoder.o
 .debug_aranges
                0x00000200       0x20 Temperatur/Temp_user/Temp_user_display/Temp_user_display.o
 .debug_aranges
                0x00000220       0x20 c:\users\kenne\Documents\Atmel Studio\7.0\DIH_Projekt\DIH_Library\Debug\libDIH_Library.a(ColumnScan.o)
 .debug_aranges
                0x00000240       0x20 c:\users\kenne\Documents\Atmel Studio\7.0\DIH_Projekt\DIH_Library\Debug\libDIH_Library.a(ReadRow.o)
 .debug_aranges
                0x00000260       0x88 c:\users\kenne\Documents\Atmel Studio\7.0\DIH_Projekt\DIH_Library\Debug\libDIH_Library.a(lcd.o)
 .debug_aranges
                0x000002e8       0x20 c:\users\kenne\Documents\Atmel Studio\7.0\DIH_Projekt\DIH_Library\Debug\libDIH_Library.a(Pre_display.o)

.debug_pubnames
 *(.debug_pubnames)

.debug_info     0x00000000     0x2915
 *(.debug_info .gnu.linkonce.wi.*)
 .debug_info    0x00000000      0xbbc C:/Program Files (x86)/Atmel/Studio/7.0/Packs/atmel/ATmega_DFP/1.2.209/gcc/dev/atmega2560/avr6/crtatmega2560.o
 .debug_info    0x00000bbc      0x10f Afstand/Afstand.o
 .debug_info    0x00000ccb      0x113 Afstand/Afstand_beregner/Afstand_beregner.o
 .debug_info    0x00000dde      0x106 Afstand/Pulse/Pulse.o
 .debug_info    0x00000ee4       0x89 Init/Init.o
 .debug_info    0x00000f6d       0x7c main.o
 .debug_info    0x00000fe9      0x1ef Menu/Menu.o
 .debug_info    0x000011d8      0x12e Menu/Menu_choices/Menu_choices.o
 .debug_info    0x00001306       0xd9 Menu/Menu_decoder/Menu_decoder.o
 .debug_info    0x000013df      0x105 Temperatur/Temp_auto/Temp_auto.o
 .debug_info    0x000014e4      0x152 Temperatur/Temp_auto/Temp_auto_display/Temp_auto_display.o
 .debug_info    0x00001636      0x1aa Temperatur/Temp_auto/Temp_beregner/Temp_beregner.o
 .debug_info    0x000017e0      0x112 Temperatur/Temp_choices/Temp_choices.o
 .debug_info    0x000018f2       0xd9 Temperatur/Temp_decoder/Temp_decoder.o
 .debug_info    0x000019cb      0x1f1 Temperatur/Temp_menu.o
 .debug_info    0x00001bbc      0x1b2 Temperatur/Temp_user/Temp_user.o
 .debug_info    0x00001d6e       0xb4 Temperatur/Temp_user/Temp_user_decoder/Temp_user_decoder.o
 .debug_info    0x00001e22       0xf5 Temperatur/Temp_user/Temp_user_display/Temp_user_display.o
 .debug_info    0x00001f17       0xb4 c:\users\kenne\Documents\Atmel Studio\7.0\DIH_Projekt\DIH_Library\Debug\libDIH_Library.a(ColumnScan.o)
 .debug_info    0x00001fcb      0x107 c:\users\kenne\Documents\Atmel Studio\7.0\DIH_Projekt\DIH_Library\Debug\libDIH_Library.a(ReadRow.o)
 .debug_info    0x000020d2      0x78f c:\users\kenne\Documents\Atmel Studio\7.0\DIH_Projekt\DIH_Library\Debug\libDIH_Library.a(lcd.o)
 .debug_info    0x00002861       0xb4 c:\users\kenne\Documents\Atmel Studio\7.0\DIH_Projekt\DIH_Library\Debug\libDIH_Library.a(Pre_display.o)

.debug_abbrev   0x00000000     0x1afd
 *(.debug_abbrev)
 .debug_abbrev  0x00000000      0xb1a C:/Program Files (x86)/Atmel/Studio/7.0/Packs/atmel/ATmega_DFP/1.2.209/gcc/dev/atmega2560/avr6/crtatmega2560.o
 .debug_abbrev  0x00000b1a       0xac Afstand/Afstand.o
 .debug_abbrev  0x00000bc6       0x86 Afstand/Afstand_beregner/Afstand_beregner.o
 .debug_abbrev  0x00000c4c       0xb5 Afstand/Pulse/Pulse.o
 .debug_abbrev  0x00000d01       0x4f Init/Init.o
 .debug_abbrev  0x00000d50       0x5a main.o
 .debug_abbrev  0x00000daa      0x159 Menu/Menu.o
 .debug_abbrev  0x00000f03       0x97 Menu/Menu_choices/Menu_choices.o
 .debug_abbrev  0x00000f9a       0x92 Menu/Menu_decoder/Menu_decoder.o
 .debug_abbrev  0x0000102c       0x84 Temperatur/Temp_auto/Temp_auto.o
 .debug_abbrev  0x000010b0       0xb7 Temperatur/Temp_auto/Temp_auto_display/Temp_auto_display.o
 .debug_abbrev  0x00001167      0x10e Temperatur/Temp_auto/Temp_beregner/Temp_beregner.o
 .debug_abbrev  0x00001275       0x97 Temperatur/Temp_choices/Temp_choices.o
 .debug_abbrev  0x0000130c       0x92 Temperatur/Temp_decoder/Temp_decoder.o
 .debug_abbrev  0x0000139e      0x110 Temperatur/Temp_menu.o
 .debug_abbrev  0x000014ae      0x111 Temperatur/Temp_user/Temp_user.o
 .debug_abbrev  0x000015bf       0x7e Temperatur/Temp_user/Temp_user_decoder/Temp_user_decoder.o
 .debug_abbrev  0x0000163d       0xa8 Temperatur/Temp_user/Temp_user_display/Temp_user_display.o
 .debug_abbrev  0x000016e5       0x75 c:\users\kenne\Documents\Atmel Studio\7.0\DIH_Projekt\DIH_Library\Debug\libDIH_Library.a(ColumnScan.o)
 .debug_abbrev  0x0000175a       0xb7 c:\users\kenne\Documents\Atmel Studio\7.0\DIH_Projekt\DIH_Library\Debug\libDIH_Library.a(ReadRow.o)
 .debug_abbrev  0x00001811      0x272 c:\users\kenne\Documents\Atmel Studio\7.0\DIH_Projekt\DIH_Library\Debug\libDIH_Library.a(lcd.o)
 .debug_abbrev  0x00001a83       0x7a c:\users\kenne\Documents\Atmel Studio\7.0\DIH_Projekt\DIH_Library\Debug\libDIH_Library.a(Pre_display.o)

.debug_line     0x00000000     0x1e09
 *(.debug_line .debug_line.* .debug_line_end)
 .debug_line    0x00000000      0x1f9 C:/Program Files (x86)/Atmel/Studio/7.0/Packs/atmel/ATmega_DFP/1.2.209/gcc/dev/atmega2560/avr6/crtatmega2560.o
 .debug_line    0x000001f9      0x110 Afstand/Afstand.o
 .debug_line    0x00000309       0xef Afstand/Afstand_beregner/Afstand_beregner.o
 .debug_line    0x000003f8      0x126 Afstand/Pulse/Pulse.o
 .debug_line    0x0000051e      0x104 Init/Init.o
 .debug_line    0x00000622       0x71 main.o
 .debug_line    0x00000693      0x1c2 Menu/Menu.o
 .debug_line    0x00000855       0xc3 Menu/Menu_choices/Menu_choices.o
 .debug_line    0x00000918       0xb6 Menu/Menu_decoder/Menu_decoder.o
 .debug_line    0x000009ce      0x11d Temperatur/Temp_auto/Temp_auto.o
 .debug_line    0x00000aeb      0x10f Temperatur/Temp_auto/Temp_auto_display/Temp_auto_display.o
 .debug_line    0x00000bfa      0x1cd Temperatur/Temp_auto/Temp_beregner/Temp_beregner.o
 .debug_line    0x00000dc7       0xc3 Temperatur/Temp_choices/Temp_choices.o
 .debug_line    0x00000e8a       0xd5 Temperatur/Temp_decoder/Temp_decoder.o
 .debug_line    0x00000f5f      0x225 Temperatur/Temp_menu.o
 .debug_line    0x00001184      0x20c Temperatur/Temp_user/Temp_user.o
 .debug_line    0x00001390      0x145 Temperatur/Temp_user/Temp_user_decoder/Temp_user_decoder.o
 .debug_line    0x000014d5       0xcb Temperatur/Temp_user/Temp_user_display/Temp_user_display.o
 .debug_line    0x000015a0      0x116 c:\users\kenne\Documents\Atmel Studio\7.0\DIH_Projekt\DIH_Library\Debug\libDIH_Library.a(ColumnScan.o)
 .debug_line    0x000016b6      0x152 c:\users\kenne\Documents\Atmel Studio\7.0\DIH_Projekt\DIH_Library\Debug\libDIH_Library.a(ReadRow.o)
 .debug_line    0x00001808      0x58c c:\users\kenne\Documents\Atmel Studio\7.0\DIH_Projekt\DIH_Library\Debug\libDIH_Library.a(lcd.o)
 .debug_line    0x00001d94       0x75 c:\users\kenne\Documents\Atmel Studio\7.0\DIH_Projekt\DIH_Library\Debug\libDIH_Library.a(Pre_display.o)

.debug_frame    0x00000000      0x43c
 *(.debug_frame)
 .debug_frame   0x00000000       0x24 Afstand/Afstand.o
 .debug_frame   0x00000024       0x24 Afstand/Afstand_beregner/Afstand_beregner.o
 .debug_frame   0x00000048       0x24 Afstand/Pulse/Pulse.o
 .debug_frame   0x0000006c       0x24 Init/Init.o
 .debug_frame   0x00000090       0x24 main.o
 .debug_frame   0x000000b4       0x24 Menu/Menu.o
 .debug_frame   0x000000d8       0x24 Menu/Menu_choices/Menu_choices.o
 .debug_frame   0x000000fc       0x24 Menu/Menu_decoder/Menu_decoder.o
 .debug_frame   0x00000120       0x24 Temperatur/Temp_auto/Temp_auto.o
 .debug_frame   0x00000144       0x48 Temperatur/Temp_auto/Temp_auto_display/Temp_auto_display.o
 .debug_frame   0x0000018c       0x38 Temperatur/Temp_auto/Temp_beregner/Temp_beregner.o
 .debug_frame   0x000001c4       0x24 Temperatur/Temp_choices/Temp_choices.o
 .debug_frame   0x000001e8       0x24 Temperatur/Temp_decoder/Temp_decoder.o
 .debug_frame   0x0000020c       0x24 Temperatur/Temp_menu.o
 .debug_frame   0x00000230       0x24 Temperatur/Temp_user/Temp_user.o
 .debug_frame   0x00000254       0x24 Temperatur/Temp_user/Temp_user_decoder/Temp_user_decoder.o
 .debug_frame   0x00000278       0x24 Temperatur/Temp_user/Temp_user_display/Temp_user_display.o
 .debug_frame   0x0000029c       0x24 c:\users\kenne\Documents\Atmel Studio\7.0\DIH_Projekt\DIH_Library\Debug\libDIH_Library.a(ColumnScan.o)
 .debug_frame   0x000002c0       0x24 c:\users\kenne\Documents\Atmel Studio\7.0\DIH_Projekt\DIH_Library\Debug\libDIH_Library.a(ReadRow.o)
 .debug_frame   0x000002e4      0x134 c:\users\kenne\Documents\Atmel Studio\7.0\DIH_Projekt\DIH_Library\Debug\libDIH_Library.a(lcd.o)
 .debug_frame   0x00000418       0x24 c:\users\kenne\Documents\Atmel Studio\7.0\DIH_Projekt\DIH_Library\Debug\libDIH_Library.a(Pre_display.o)

.debug_str      0x00000000      0xb59
 *(.debug_str)
 .debug_str     0x00000000      0x3e6 C:/Program Files (x86)/Atmel/Studio/7.0/Packs/atmel/ATmega_DFP/1.2.209/gcc/dev/atmega2560/avr6/crtatmega2560.o
 .debug_str     0x000003e6      0x1a0 Afstand/Afstand.o
                                0x1d4 (size before relaxing)
 .debug_str     0x00000586       0x70 Afstand/Afstand_beregner/Afstand_beregner.o
                                0x1e3 (size before relaxing)
 .debug_str     0x000005f6       0x64 Afstand/Pulse/Pulse.o
                                0x1d4 (size before relaxing)
 .debug_str     0x0000065a       0x14 Init/Init.o
                                0x183 (size before relaxing)
 .debug_str     0x0000066e       0x16 main.o
                                0x116 (size before relaxing)
 .debug_str     0x00000684       0x38 Menu/Menu.o
                                0x1f5 (size before relaxing)
 .debug_str     0x000006bc       0x44 Menu/Menu_choices/Menu_choices.o
                                0x1b3 (size before relaxing)
 .debug_str     0x00000700       0x35 Menu/Menu_decoder/Menu_decoder.o
                                0x1b3 (size before relaxing)
 .debug_str     0x00000735       0x59 Temperatur/Temp_auto/Temp_auto.o
                                0x1d3 (size before relaxing)
 .debug_str     0x0000078e       0x7f Temperatur/Temp_auto/Temp_auto_display/Temp_auto_display.o
                                0x1fa (size before relaxing)
 .debug_str     0x0000080d       0x4e Temperatur/Temp_auto/Temp_beregner/Temp_beregner.o
                                0x239 (size before relaxing)
 .debug_str     0x0000085b       0x37 Temperatur/Temp_choices/Temp_choices.o
                                0x1b9 (size before relaxing)
 .debug_str     0x00000892       0x4c Temperatur/Temp_decoder/Temp_decoder.o
                                0x1bf (size before relaxing)
 .debug_str     0x000008de       0x2d Temperatur/Temp_menu.o
                                0x216 (size before relaxing)
 .debug_str     0x0000090b       0x67 Temperatur/Temp_user/Temp_user.o
                                0x236 (size before relaxing)
 .debug_str     0x00000972       0x4e Temperatur/Temp_user/Temp_user_decoder/Temp_user_decoder.o
                                0x1d2 (size before relaxing)
 .debug_str     0x000009c0       0x3e Temperatur/Temp_user/Temp_user_display/Temp_user_display.o
                                0x1de (size before relaxing)
 .debug_str     0x000009fe       0x6e c:\users\kenne\Documents\Atmel Studio\7.0\DIH_Projekt\DIH_Library\Debug\libDIH_Library.a(ColumnScan.o)
                                0x1a7 (size before relaxing)
 .debug_str     0x00000a6c       0x15 c:\users\kenne\Documents\Atmel Studio\7.0\DIH_Projekt\DIH_Library\Debug\libDIH_Library.a(ReadRow.o)
                                0x1d2 (size before relaxing)
 .debug_str     0x00000a81       0xbb c:\users\kenne\Documents\Atmel Studio\7.0\DIH_Projekt\DIH_Library\Debug\libDIH_Library.a(lcd.o)
                                0x2ab (size before relaxing)
 .debug_str     0x00000b3c       0x1d c:\users\kenne\Documents\Atmel Studio\7.0\DIH_Projekt\DIH_Library\Debug\libDIH_Library.a(Pre_display.o)
                                0x19f (size before relaxing)

.debug_loc      0x00000000      0xc96
 *(.debug_loc)
 .debug_loc     0x00000000       0x45 Afstand/Pulse/Pulse.o
 .debug_loc     0x00000045       0xc1 Menu/Menu.o
 .debug_loc     0x00000106       0x6a Menu/Menu_decoder/Menu_decoder.o
 .debug_loc     0x00000170       0xaa Temperatur/Temp_auto/Temp_auto_display/Temp_auto_display.o
 .debug_loc     0x0000021a      0x123 Temperatur/Temp_auto/Temp_beregner/Temp_beregner.o
 .debug_loc     0x0000033d       0x6a Temperatur/Temp_decoder/Temp_decoder.o
 .debug_loc     0x000003a7      0x109 Temperatur/Temp_menu.o
 .debug_loc     0x000004b0       0x48 Temperatur/Temp_user/Temp_user.o
 .debug_loc     0x000004f8       0x5f Temperatur/Temp_user/Temp_user_decoder/Temp_user_decoder.o
 .debug_loc     0x00000557       0x2e Temperatur/Temp_user/Temp_user_display/Temp_user_display.o
 .debug_loc     0x00000585       0x9e c:\users\kenne\Documents\Atmel Studio\7.0\DIH_Projekt\DIH_Library\Debug\libDIH_Library.a(ColumnScan.o)
 .debug_loc     0x00000623       0x48 c:\users\kenne\Documents\Atmel Studio\7.0\DIH_Projekt\DIH_Library\Debug\libDIH_Library.a(ReadRow.o)
 .debug_loc     0x0000066b      0x62b c:\users\kenne\Documents\Atmel Studio\7.0\DIH_Projekt\DIH_Library\Debug\libDIH_Library.a(lcd.o)

.debug_macinfo
 *(.debug_macinfo)

.debug_weaknames
 *(.debug_weaknames)

.debug_funcnames
 *(.debug_funcnames)

.debug_typenames
 *(.debug_typenames)

.debug_varnames
 *(.debug_varnames)

.debug_pubtypes
 *(.debug_pubtypes)

.debug_ranges   0x00000000      0x1d0
 *(.debug_ranges)
 .debug_ranges  0x00000000       0x10 Afstand/Afstand.o
 .debug_ranges  0x00000010       0x10 Afstand/Afstand_beregner/Afstand_beregner.o
 .debug_ranges  0x00000020       0x10 Afstand/Pulse/Pulse.o
 .debug_ranges  0x00000030       0x10 Init/Init.o
 .debug_ranges  0x00000040       0x10 main.o
 .debug_ranges  0x00000050       0x10 Menu/Menu.o
 .debug_ranges  0x00000060       0x10 Menu/Menu_choices/Menu_choices.o
 .debug_ranges  0x00000070       0x10 Menu/Menu_decoder/Menu_decoder.o
 .debug_ranges  0x00000080       0x10 Temperatur/Temp_auto/Temp_auto.o
 .debug_ranges  0x00000090       0x10 Temperatur/Temp_auto/Temp_auto_display/Temp_auto_display.o
 .debug_ranges  0x000000a0       0x10 Temperatur/Temp_auto/Temp_beregner/Temp_beregner.o
 .debug_ranges  0x000000b0       0x10 Temperatur/Temp_choices/Temp_choices.o
 .debug_ranges  0x000000c0       0x10 Temperatur/Temp_decoder/Temp_decoder.o
 .debug_ranges  0x000000d0       0x10 Temperatur/Temp_menu.o
 .debug_ranges  0x000000e0       0x10 Temperatur/Temp_user/Temp_user.o
 .debug_ranges  0x000000f0       0x10 Temperatur/Temp_user/Temp_user_decoder/Temp_user_decoder.o
 .debug_ranges  0x00000100       0x10 Temperatur/Temp_user/Temp_user_display/Temp_user_display.o
 .debug_ranges  0x00000110       0x10 c:\users\kenne\Documents\Atmel Studio\7.0\DIH_Projekt\DIH_Library\Debug\libDIH_Library.a(ColumnScan.o)
 .debug_ranges  0x00000120       0x10 c:\users\kenne\Documents\Atmel Studio\7.0\DIH_Projekt\DIH_Library\Debug\libDIH_Library.a(ReadRow.o)
 .debug_ranges  0x00000130       0x90 c:\users\kenne\Documents\Atmel Studio\7.0\DIH_Projekt\DIH_Library\Debug\libDIH_Library.a(lcd.o)
 .debug_ranges  0x000001c0       0x10 c:\users\kenne\Documents\Atmel Studio\7.0\DIH_Projekt\DIH_Library\Debug\libDIH_Library.a(Pre_display.o)

.debug_macro
 *(.debug_macro)
OUTPUT(DIH_Projekt.elf elf32-avr)
LOAD linker stubs
